Component: ARM Compiler 5.06 update 4 (build 422) Tool: armlink [4d35d2]

==============================================================================

Section Cross References

    startup_stm32f10x_hd.o(RESET) refers to startup_stm32f10x_hd.o(STACK) for __initial_sp
    startup_stm32f10x_hd.o(RESET) refers to startup_stm32f10x_hd.o(.text) for Reset_Handler
    startup_stm32f10x_hd.o(RESET) refers to stm32f10x_it.o(i.NMI_Handler) for NMI_Handler
    startup_stm32f10x_hd.o(RESET) refers to stm32f10x_it.o(i.HardFault_Handler) for HardFault_Handler
    startup_stm32f10x_hd.o(RESET) refers to stm32f10x_it.o(i.MemManage_Handler) for MemManage_Handler
    startup_stm32f10x_hd.o(RESET) refers to stm32f10x_it.o(i.BusFault_Handler) for BusFault_Handler
    startup_stm32f10x_hd.o(RESET) refers to stm32f10x_it.o(i.UsageFault_Handler) for UsageFault_Handler
    startup_stm32f10x_hd.o(RESET) refers to stm32f10x_it.o(i.SVC_Handler) for SVC_Handler
    startup_stm32f10x_hd.o(RESET) refers to stm32f10x_it.o(i.DebugMon_Handler) for DebugMon_Handler
    startup_stm32f10x_hd.o(RESET) refers to stm32f10x_it.o(i.PendSV_Handler) for PendSV_Handler
    startup_stm32f10x_hd.o(RESET) refers to stm32f10x_it.o(i.SysTick_Handler) for SysTick_Handler
    startup_stm32f10x_hd.o(RESET) refers to stm32f10x_it.o(i.USB_LP_CAN1_RX0_IRQHandler) for USB_LP_CAN1_RX0_IRQHandler
    startup_stm32f10x_hd.o(RESET) refers to stm32f10x_it.o(i.TIM2_IRQHandler) for TIM2_IRQHandler
    startup_stm32f10x_hd.o(RESET) refers to stm32f10x_it.o(i.USART1_IRQHandler) for USART1_IRQHandler
    startup_stm32f10x_hd.o(.text) refers to system_stm32f10x.o(i.SystemInit) for SystemInit
    startup_stm32f10x_hd.o(.text) refers to entry.o(.ARM.Collect$$$$00000000) for __main
    system_stm32f10x.o(i.SetSysClock) refers to system_stm32f10x.o(i.SetSysClockTo72) for SetSysClockTo72
    system_stm32f10x.o(i.SystemCoreClockUpdate) refers to system_stm32f10x.o(.data) for SystemCoreClock
    system_stm32f10x.o(i.SystemInit) refers to system_stm32f10x.o(i.SetSysClock) for SetSysClock
    stm32f10x_adc.o(i.ADC_DeInit) refers to stm32f10x_rcc.o(i.RCC_APB2PeriphResetCmd) for RCC_APB2PeriphResetCmd
    stm32f10x_can.o(i.CAN_DeInit) refers to stm32f10x_rcc.o(i.RCC_APB1PeriphResetCmd) for RCC_APB1PeriphResetCmd
    stm32f10x_can.o(i.CAN_GetITStatus) refers to stm32f10x_can.o(i.CheckITStatus) for CheckITStatus
    stm32f10x_usart.o(i.USART_DeInit) refers to stm32f10x_rcc.o(i.RCC_APB2PeriphResetCmd) for RCC_APB2PeriphResetCmd
    stm32f10x_usart.o(i.USART_DeInit) refers to stm32f10x_rcc.o(i.RCC_APB1PeriphResetCmd) for RCC_APB1PeriphResetCmd
    stm32f10x_usart.o(i.USART_Init) refers to stm32f10x_rcc.o(i.RCC_GetClocksFreq) for RCC_GetClocksFreq
    stm32f10x_tim.o(i.TIM_DeInit) refers to stm32f10x_rcc.o(i.RCC_APB2PeriphResetCmd) for RCC_APB2PeriphResetCmd
    stm32f10x_tim.o(i.TIM_DeInit) refers to stm32f10x_rcc.o(i.RCC_APB1PeriphResetCmd) for RCC_APB1PeriphResetCmd
    stm32f10x_tim.o(i.TIM_ETRClockMode1Config) refers to stm32f10x_tim.o(i.TIM_ETRConfig) for TIM_ETRConfig
    stm32f10x_tim.o(i.TIM_ETRClockMode2Config) refers to stm32f10x_tim.o(i.TIM_ETRConfig) for TIM_ETRConfig
    stm32f10x_tim.o(i.TIM_ICInit) refers to stm32f10x_tim.o(i.TI1_Config) for TI1_Config
    stm32f10x_tim.o(i.TIM_ICInit) refers to stm32f10x_tim.o(i.TIM_SetIC1Prescaler) for TIM_SetIC1Prescaler
    stm32f10x_tim.o(i.TIM_ICInit) refers to stm32f10x_tim.o(i.TI2_Config) for TI2_Config
    stm32f10x_tim.o(i.TIM_ICInit) refers to stm32f10x_tim.o(i.TIM_SetIC2Prescaler) for TIM_SetIC2Prescaler
    stm32f10x_tim.o(i.TIM_ICInit) refers to stm32f10x_tim.o(i.TI3_Config) for TI3_Config
    stm32f10x_tim.o(i.TIM_ICInit) refers to stm32f10x_tim.o(i.TIM_SetIC3Prescaler) for TIM_SetIC3Prescaler
    stm32f10x_tim.o(i.TIM_ICInit) refers to stm32f10x_tim.o(i.TI4_Config) for TI4_Config
    stm32f10x_tim.o(i.TIM_ICInit) refers to stm32f10x_tim.o(i.TIM_SetIC4Prescaler) for TIM_SetIC4Prescaler
    stm32f10x_tim.o(i.TIM_ITRxExternalClockConfig) refers to stm32f10x_tim.o(i.TIM_SelectInputTrigger) for TIM_SelectInputTrigger
    stm32f10x_tim.o(i.TIM_PWMIConfig) refers to stm32f10x_tim.o(i.TI1_Config) for TI1_Config
    stm32f10x_tim.o(i.TIM_PWMIConfig) refers to stm32f10x_tim.o(i.TIM_SetIC1Prescaler) for TIM_SetIC1Prescaler
    stm32f10x_tim.o(i.TIM_PWMIConfig) refers to stm32f10x_tim.o(i.TI2_Config) for TI2_Config
    stm32f10x_tim.o(i.TIM_PWMIConfig) refers to stm32f10x_tim.o(i.TIM_SetIC2Prescaler) for TIM_SetIC2Prescaler
    stm32f10x_tim.o(i.TIM_TIxExternalClockConfig) refers to stm32f10x_tim.o(i.TI2_Config) for TI2_Config
    stm32f10x_tim.o(i.TIM_TIxExternalClockConfig) refers to stm32f10x_tim.o(i.TI1_Config) for TI1_Config
    stm32f10x_tim.o(i.TIM_TIxExternalClockConfig) refers to stm32f10x_tim.o(i.TIM_SelectInputTrigger) for TIM_SelectInputTrigger
    stm32f10x_spi.o(i.I2S_Init) refers to stm32f10x_rcc.o(i.RCC_GetClocksFreq) for RCC_GetClocksFreq
[...]
    printfa.o(i.__0snprintf) refers to printfa.o(i._snputc) for _snputc
    printfa.o(i.__0sprintf) refers (Special) to iusefp.o(.text) for __I$use$fp
    printfa.o(i.__0sprintf) refers to printfa.o(i._printf_core) for _printf_core
    printfa.o(i.__0sprintf) refers to printfa.o(i._sputc) for _sputc
    printfa.o(i.__0vfprintf) refers (Special) to iusefp.o(.text) for __I$use$fp
    printfa.o(i.__0vfprintf) refers to printfa.o(i._printf_core) for _printf_core
    printfa.o(i.__0vfprintf) refers to bsp_usart.o(i.fputc) for fputc
    printfa.o(i.__0vprintf) refers (Special) to iusefp.o(.text) for __I$use$fp
    printfa.o(i.__0vprintf) refers to printfa.o(i._printf_core) for _printf_core
    printfa.o(i.__0vprintf) refers to bsp_usart.o(i.fputc) for fputc
    printfa.o(i.__0vprintf) refers to stdout.o(.data) for __stdout
    printfa.o(i.__0vsnprintf) refers (Special) to iusefp.o(.text) for __I$use$fp
    printfa.o(i.__0vsnprintf) refers to printfa.o(i._printf_core) for _printf_core
    printfa.o(i.__0vsnprintf) refers to printfa.o(i._snputc) for _snputc
    printfa.o(i.__0vsprintf) refers (Special) to iusefp.o(.text) for __I$use$fp
    printfa.o(i.__0vsprintf) refers to printfa.o(i._printf_core) for _printf_core
    printfa.o(i.__0vsprintf) refers to printfa.o(i._sputc) for _sputc
    printfa.o(i._fp_digits) refers (Special) to iusefp.o(.text) for __I$use$fp
    printfa.o(i._fp_digits) refers to dmul.o(.text) for __aeabi_dmul
    printfa.o(i._fp_digits) refers to ddiv.o(.text) for __aeabi_ddiv
    printfa.o(i._fp_digits) refers to cdrcmple.o(.text) for __aeabi_cdrcmple
    printfa.o(i._fp_digits) refers to dadd.o(.text) for __aeabi_dadd
    printfa.o(i._fp_digits) refers to dfixul.o(.text) for __aeabi_d2ulz
    printfa.o(i._fp_digits) refers to uldiv.o(.text) for __aeabi_uldivmod
    printfa.o(i._printf_core) refers (Special) to iusefp.o(.text) for __I$use$fp
    printfa.o(i._printf_core) refers to printfa.o(i._printf_pre_padding) for _printf_pre_padding
    printfa.o(i._printf_core) refers to uldiv.o(.text) for __aeabi_uldivmod
    printfa.o(i._printf_core) refers to printfa.o(i._printf_post_padding) for _printf_post_padding
    printfa.o(i._printf_core) refers to printfa.o(i._fp_digits) for _fp_digits
    printfa.o(i._printf_core) refers to uidiv.o(.text) for __aeabi_uidivmod
    printfa.o(i._printf_post_padding) refers (Special) to iusefp.o(.text) for __I$use$fp
    printfa.o(i._printf_pre_padding) refers (Special) to iusefp.o(.text) for __I$use$fp
    printfa.o(i._snputc) refers (Special) to iusefp.o(.text) for __I$use$fp
    printfa.o(i._sputc) refers (Special) to iusefp.o(.text) for __I$use$fp
    entry2.o(.ARM.Collect$$$$00000001) refers to entry2.o(.ARM.Collect$$$$00002712) for __lit__00000000
    entry2.o(.ARM.Collect$$$$00002712) refers to startup_stm32f10x_hd.o(STACK) for __initial_sp
    entry2.o(__vectab_stack_and_reset_area) refers to startup_stm32f10x_hd.o(STACK) for __initial_sp
    entry2.o(__vectab_stack_and_reset_area) refers to entry.o(.ARM.Collect$$$$00000000) for __main
    entry5.o(.ARM.Collect$$$$00000004) refers to init.o(.text) for __scatterload
    entry9a.o(.ARM.Collect$$$$0000000B) refers to main.o(i.main) for main
    entry9b.o(.ARM.Collect$$$$0000000C) refers to main.o(i.main) for main
    uldiv.o(.text) refers to llushr.o(.text) for __aeabi_llsr
    uldiv.o(.text) refers to llshl.o(.text) for __aeabi_llsl
    dadd.o(.text) refers to llshl.o(.text) for __aeabi_llsl
    dadd.o(.text) refers to llsshr.o(.text) for __aeabi_lasr
    dadd.o(.text) refers to depilogue.o(.text) for _double_epilogue
    dmul.o(.text) refers to depilogue.o(.text) for _double_epilogue
    ddiv.o(.text) refers to depilogue.o(.text) for _double_round
    dfixul.o(.text) refers to llushr.o(.text) for __aeabi_llsr
    dfixul.o(.text) refers to llshl.o(.text) for __aeabi_llsl
    init.o(.text) refers to entry5.o(.ARM.Collect$$$$00000004) for __main_after_scatterload
    depilogue.o(.text) refers to llshl.o(.text) for __aeabi_llsl
    depilogue.o(.text) refers to llushr.o(.text) for __aeabi_llsr


==============================================================================

Removing Unused input sections from the image.

    Removing startup_stm32f10x_hd.o(HEAP), (512 bytes).
    Removing core_cm3.o(.emb_text), (32 bytes).
    Removing system_stm32f10x.o(i.SystemCoreClockUpdate), (164 bytes).
    Removing system_stm32f10x.o(.data), (20 bytes).
    Removing misc.o(i.NVIC_SetVectorTable), (20 bytes).
    Removing misc.o(i.NVIC_SystemLPConfig), (32 bytes).
    Removing stm32f10x_adc.o(i.ADC_AnalogWatchdogCmd), (20 bytes).
    Removing stm32f10x_adc.o(i.ADC_AnalogWatchdogSingleChannelConfig), (16 bytes).
    Removing stm32f10x_adc.o(i.ADC_AnalogWatchdogThresholdsConfig), (6 bytes).
    Removing stm32f10x_adc.o(i.ADC_AutoInjectedConvCmd), (22 bytes).
    Removing stm32f10x_adc.o(i.ADC_ClearFlag), (6 bytes).
    Removing stm32f10x_adc.o(i.ADC_ClearITPendingBit), (10 bytes).
    Removing stm32f10x_adc.o(i.ADC_Cmd), (22 bytes).
    Removing stm32f10x_adc.o(i.ADC_DMACmd), (22 bytes).
    Removing stm32f10x_adc.o(i.ADC_DeInit), (92 bytes).
    Removing stm32f10x_adc.o(i.ADC_DiscModeChannelCountConfig), (24 bytes).
    Removing stm32f10x_adc.o(i.ADC_DiscModeCmd), (22 bytes).
    Removing stm32f10x_adc.o(i.ADC_ExternalTrigConvCmd), (22 bytes).
    Removing stm32f10x_adc.o(i.ADC_ExternalTrigInjectedConvCmd), (22 bytes).
    Removing stm32f10x_adc.o(i.ADC_ExternalTrigInjectedConvConfig), (16 bytes).
    Removing stm32f10x_adc.o(i.ADC_GetCalibrationStatus), (20 bytes).
    Removing stm32f10x_adc.o(i.ADC_GetConversionValue), (8 bytes).
    Removing stm32f10x_adc.o(i.ADC_GetDualModeConversionValue), (12 bytes).
    Removing stm32f10x_adc.o(i.ADC_GetFlagStatus), (18 bytes).
    Removing stm32f10x_adc.o(i.ADC_GetITStatus), (36 bytes).
    Removing stm32f10x_adc.o(i.ADC_GetInjectedConversionValue), (28 bytes).
    Removing stm32f10x_adc.o(i.ADC_GetResetCalibrationStatus), (20 bytes).
    Removing stm32f10x_adc.o(i.ADC_GetSoftwareStartConvStatus), (20 bytes).
    Removing stm32f10x_adc.o(i.ADC_GetSoftwareStartInjectedConvCmdStatus), (20 bytes).
    Removing stm32f10x_adc.o(i.ADC_ITConfig), (24 bytes).
    Removing stm32f10x_adc.o(i.ADC_Init), (80 bytes).
    Removing stm32f10x_adc.o(i.ADC_InjectedChannelConfig), (130 bytes).
    Removing stm32f10x_adc.o(i.ADC_InjectedDiscModeCmd), (22 bytes).
    Removing stm32f10x_adc.o(i.ADC_InjectedSequencerLengthConfig), (24 bytes).
    Removing stm32f10x_adc.o(i.ADC_RegularChannelConfig), (184 bytes).
    Removing stm32f10x_adc.o(i.ADC_ResetCalibration), (10 bytes).
    Removing stm32f10x_adc.o(i.ADC_SetInjectedOffset), (20 bytes).
    Removing stm32f10x_adc.o(i.ADC_SoftwareStartConvCmd), (22 bytes).
    Removing stm32f10x_adc.o(i.ADC_SoftwareStartInjectedConvCmd), (22 bytes).
    Removing stm32f10x_adc.o(i.ADC_StartCalibration), (10 bytes).
    Removing stm32f10x_adc.o(i.ADC_StructInit), (18 bytes).
    Removing stm32f10x_adc.o(i.ADC_TempSensorVrefintCmd), (36 bytes).
    Removing stm32f10x_can.o(i.CAN_CancelTransmit), (48 bytes).
    Removing stm32f10x_can.o(i.CAN_ClearFlag), (56 bytes).
    Removing stm32f10x_can.o(i.CAN_ClearITPendingBit), (168 bytes).
    Removing stm32f10x_can.o(i.CAN_DBGFreeze), (22 bytes).
    Removing stm32f10x_can.o(i.CAN_DeInit), (56 bytes).
    Removing stm32f10x_can.o(i.CAN_FIFORelease), (22 bytes).
    Removing stm32f10x_can.o(i.CAN_FilterInit), (264 bytes).
    Removing stm32f10x_can.o(i.CAN_GetFlagStatus), (120 bytes).
    Removing stm32f10x_can.o(i.CAN_GetITStatus), (288 bytes).
    Removing stm32f10x_can.o(i.CAN_GetLSBTransmitErrorCounter), (12 bytes).
    Removing stm32f10x_can.o(i.CAN_GetLastErrorCode), (12 bytes).
    Removing stm32f10x_can.o(i.CAN_GetReceiveErrorCounter), (10 bytes).
    Removing stm32f10x_can.o(i.CAN_ITConfig), (18 bytes).
    Removing stm32f10x_can.o(i.CAN_Init), (276 bytes).
    Removing stm32f10x_can.o(i.CAN_MessagePending), (30 bytes).
    Removing stm32f10x_can.o(i.CAN_OperatingModeRequest), (162 bytes).
    Removing stm32f10x_can.o(i.CAN_SlaveStartBank), (52 bytes).
    Removing stm32f10x_can.o(i.CAN_Sleep), (30 bytes).
    Removing stm32f10x_can.o(i.CAN_StructInit), (32 bytes).
    Removing stm32f10x_can.o(i.CAN_TTComModeCmd), (118 bytes).
    Removing stm32f10x_can.o(i.CAN_Transmit), (294 bytes).
    Removing stm32f10x_can.o(i.CAN_TransmitStatus), (160 bytes).
    Removing stm32f10x_can.o(i.CAN_WakeUp), (48 bytes).
    Removing stm32f10x_can.o(i.CheckITStatus), (18 bytes).
    Removing stm32f10x_usart.o(i.USART_ClockInit), (34 bytes).
    Removing stm32f10x_usart.o(i.USART_ClockStructInit), (12 bytes).
    Removing stm32f10x_usart.o(i.USART_DMACmd), (18 bytes).
    Removing stm32f10x_usart.o(i.USART_DeInit), (156 bytes).
    Removing stm32f10x_usart.o(i.USART_HalfDuplexCmd), (24 bytes).
    Removing stm32f10x_usart.o(i.USART_IrDACmd), (24 bytes).
    Removing stm32f10x_usart.o(i.USART_IrDAConfig), (18 bytes).
    Removing stm32f10x_usart.o(i.USART_LINBreakDetectLengthConfig), (18 bytes).
    Removing stm32f10x_usart.o(i.USART_LINCmd), (24 bytes).
    Removing stm32f10x_usart.o(i.USART_OneBitMethodCmd), (24 bytes).
    Removing stm32f10x_usart.o(i.USART_OverSampling8Cmd), (22 bytes).
    Removing stm32f10x_usart.o(i.USART_ReceiverWakeUpCmd), (24 bytes).
    Removing stm32f10x_usart.o(i.USART_SendBreak), (10 bytes).
    Removing stm32f10x_usart.o(i.USART_SetAddress), (18 bytes).
    Removing stm32f10x_usart.o(i.USART_SetGuardTime), (16 bytes).
    Removing stm32f10x_usart.o(i.USART_SetPrescaler), (16 bytes).
    Removing stm32f10x_usart.o(i.USART_SmartCardCmd), (24 bytes).
    Removing stm32f10x_usart.o(i.USART_SmartCardNACKCmd), (24 bytes).
    Removing stm32f10x_usart.o(i.USART_StructInit), (24 bytes).
    Removing stm32f10x_usart.o(i.USART_WakeUpConfig), (18 bytes).
    Removing stm32f10x_tim.o(i.TI1_Config), (128 bytes).
    Removing stm32f10x_tim.o(i.TI2_Config), (152 bytes).
    Removing stm32f10x_tim.o(i.TI3_Config), (144 bytes).
    Removing stm32f10x_tim.o(i.TI4_Config), (152 bytes).
    Removing stm32f10x_tim.o(i.TIM_ARRPreloadConfig), (24 bytes).
    Removing stm32f10x_tim.o(i.TIM_BDTRConfig), (32 bytes).
    Removing stm32f10x_tim.o(i.TIM_BDTRStructInit), (18 bytes).
    Removing stm32f10x_tim.o(i.TIM_CCPreloadControl), (24 bytes).
    Removing stm32f10x_tim.o(i.TIM_CCxCmd), (30 bytes).
    Removing stm32f10x_tim.o(i.TIM_CCxNCmd), (30 bytes).
    Removing stm32f10x_tim.o(i.TIM_ClearOC1Ref), (18 bytes).
    Removing stm32f10x_tim.o(i.TIM_ClearOC2Ref), (24 bytes).
    Removing stm32f10x_tim.o(i.TIM_ClearOC3Ref), (18 bytes).
    Removing stm32f10x_tim.o(i.TIM_ClearOC4Ref), (24 bytes).
    Removing stm32f10x_tim.o(i.TIM_CounterModeConfig), (18 bytes).
    Removing stm32f10x_tim.o(i.TIM_CtrlPWMOutputs), (30 bytes).
    Removing stm32f10x_tim.o(i.TIM_DMACmd), (18 bytes).
    Removing stm32f10x_tim.o(i.TIM_DMAConfig), (10 bytes).
    Removing stm32f10x_tim.o(i.TIM_DeInit), (488 bytes).
    Removing stm32f10x_tim.o(i.TIM_ETRClockMode1Config), (54 bytes).
    Removing stm32f10x_tim.o(i.TIM_ETRClockMode2Config), (32 bytes).
    Removing stm32f10x_tim.o(i.TIM_ETRConfig), (28 bytes).
    Removing stm32f10x_tim.o(i.TIM_EncoderInterfaceConfig), (66 bytes).
    Removing stm32f10x_tim.o(i.TIM_ForcedOC1Config), (18 bytes).
    Removing stm32f10x_tim.o(i.TIM_ForcedOC2Config), (26 bytes).
    Removing stm32f10x_tim.o(i.TIM_ForcedOC3Config), (18 bytes).
    Removing stm32f10x_tim.o(i.TIM_ForcedOC4Config), (26 bytes).
    Removing stm32f10x_tim.o(i.TIM_GenerateEvent), (4 bytes).
    Removing stm32f10x_tim.o(i.TIM_GetCapture1), (6 bytes).
    Removing stm32f10x_tim.o(i.TIM_GetCapture2), (6 bytes).
    Removing stm32f10x_tim.o(i.TIM_GetCapture3), (6 bytes).
    Removing stm32f10x_tim.o(i.TIM_GetCapture4), (8 bytes).
    Removing stm32f10x_tim.o(i.TIM_GetCounter), (6 bytes).
    Removing stm32f10x_tim.o(i.TIM_GetFlagStatus), (18 bytes).
    Removing stm32f10x_tim.o(i.TIM_GetPrescaler), (6 bytes).
    Removing stm32f10x_tim.o(i.TIM_ICInit), (172 bytes).
    Removing stm32f10x_tim.o(i.TIM_ICStructInit), (18 bytes).
    Removing stm32f10x_tim.o(i.TIM_ITRxExternalClockConfig), (24 bytes).
    Removing stm32f10x_tim.o(i.TIM_InternalClockConfig), (12 bytes).
    Removing stm32f10x_tim.o(i.TIM_OC1FastConfig), (18 bytes).
    Removing stm32f10x_tim.o(i.TIM_OC1Init), (152 bytes).
    Removing stm32f10x_tim.o(i.TIM_OC1NPolarityConfig), (18 bytes).
    Removing stm32f10x_tim.o(i.TIM_OC1PolarityConfig), (18 bytes).
    Removing stm32f10x_tim.o(i.TIM_OC1PreloadConfig), (18 bytes).
    Removing stm32f10x_tim.o(i.TIM_OC2FastConfig), (26 bytes).
    Removing stm32f10x_tim.o(i.TIM_OC2Init), (164 bytes).
    Removing stm32f10x_tim.o(i.TIM_OC2NPolarityConfig), (26 bytes).
    Removing stm32f10x_tim.o(i.TIM_OC2PolarityConfig), (26 bytes).
    Removing stm32f10x_tim.o(i.TIM_OC2PreloadConfig), (26 bytes).
    Removing stm32f10x_tim.o(i.TIM_OC3FastConfig), (18 bytes).
    Removing stm32f10x_tim.o(i.TIM_OC3Init), (160 bytes).
    Removing stm32f10x_tim.o(i.TIM_OC3NPolarityConfig), (26 bytes).
    Removing stm32f10x_tim.o(i.TIM_OC3PolarityConfig), (26 bytes).
    Removing stm32f10x_tim.o(i.TIM_OC3PreloadConfig), (18 bytes).
    Removing stm32f10x_tim.o(i.TIM_OC4FastConfig), (26 bytes).
    Removing stm32f10x_tim.o(i.TIM_OC4Init), (124 bytes).
    Removing stm32f10x_tim.o(i.TIM_OC4PolarityConfig), (26 bytes).
    Removing stm32f10x_tim.o(i.TIM_OC4PreloadConfig), (26 bytes).
    Removing stm32f10x_tim.o(i.TIM_OCStructInit), (20 bytes).
    Removing stm32f10x_tim.o(i.TIM_PWMIConfig), (124 bytes).
    Removing stm32f10x_tim.o(i.TIM_PrescalerConfig), (6 bytes).
    Removing stm32f10x_tim.o(i.TIM_SelectCCDMA), (24 bytes).
    Removing stm32f10x_tim.o(i.TIM_SelectCOM), (24 bytes).
    Removing stm32f10x_tim.o(i.TIM_SelectHallSensor), (24 bytes).
    Removing stm32f10x_tim.o(i.TIM_SelectInputTrigger), (18 bytes).
    Removing stm32f10x_tim.o(i.TIM_SelectMasterSlaveMode), (18 bytes).
    Removing stm32f10x_tim.o(i.TIM_SelectOCxM), (82 bytes).
    Removing stm32f10x_tim.o(i.TIM_SelectOnePulseMode), (18 bytes).
    Removing stm32f10x_tim.o(i.TIM_SelectOutputTrigger), (18 bytes).
    Removing stm32f10x_tim.o(i.TIM_SelectSlaveMode), (18 bytes).
    Removing stm32f10x_tim.o(i.TIM_SetAutoreload), (4 bytes).
    Removing stm32f10x_tim.o(i.TIM_SetClockDivision), (18 bytes).
    Removing stm32f10x_tim.o(i.TIM_SetCompare1), (4 bytes).
    Removing stm32f10x_tim.o(i.TIM_SetCompare2), (4 bytes).
    Removing stm32f10x_tim.o(i.TIM_SetCompare3), (4 bytes).
    Removing stm32f10x_tim.o(i.TIM_SetCompare4), (6 bytes).
    Removing stm32f10x_tim.o(i.TIM_SetCounter), (4 bytes).
    Removing stm32f10x_tim.o(i.TIM_SetIC1Prescaler), (18 bytes).
    Removing stm32f10x_tim.o(i.TIM_SetIC2Prescaler), (26 bytes).
    Removing stm32f10x_tim.o(i.TIM_SetIC3Prescaler), (18 bytes).
    Removing stm32f10x_tim.o(i.TIM_SetIC4Prescaler), (26 bytes).
    Removing stm32f10x_tim.o(i.TIM_TIxExternalClockConfig), (62 bytes).
    Removing stm32f10x_tim.o(i.TIM_TimeBaseStructInit), (18 bytes).
    Removing stm32f10x_tim.o(i.TIM_UpdateDisableConfig), (24 bytes).
    Removing stm32f10x_tim.o(i.TIM_UpdateRequestConfig), (24 bytes).
    Removing stm32f10x_spi.o(i.I2S_Cmd), (24 bytes).
    Removing stm32f10x_spi.o(i.I2S_Init), (232 bytes).
    Removing stm32f10x_spi.o(i.I2S_StructInit), (20 bytes).
    Removing stm32f10x_spi.o(i.SPI_BiDirectionalLineConfig), (28 bytes).
    Removing stm32f10x_spi.o(i.SPI_CalculateCRC), (24 bytes).
    Removing stm32f10x_spi.o(i.SPI_DataSizeConfig), (18 bytes).
    Removing stm32f10x_spi.o(i.SPI_GetCRC), (16 bytes).
    Removing stm32f10x_spi.o(i.SPI_GetCRCPolynomial), (6 bytes).
    Removing stm32f10x_spi.o(i.SPI_I2S_ClearFlag), (6 bytes).
    Removing stm32f10x_spi.o(i.SPI_I2S_ClearITPendingBit), (20 bytes).
    Removing stm32f10x_spi.o(i.SPI_I2S_DMACmd), (18 bytes).
    Removing stm32f10x_spi.o(i.SPI_I2S_DeInit), (88 bytes).
    Removing stm32f10x_spi.o(i.SPI_I2S_GetFlagStatus), (18 bytes).
    Removing stm32f10x_spi.o(i.SPI_I2S_GetITStatus), (52 bytes).
    Removing stm32f10x_spi.o(i.SPI_I2S_ITConfig), (32 bytes).
    Removing stm32f10x_spi.o(i.SPI_I2S_ReceiveData), (6 bytes).
    Removing stm32f10x_spi.o(i.SPI_I2S_SendData), (4 bytes).
    Removing stm32f10x_spi.o(i.SPI_NSSInternalSoftwareConfig), (30 bytes).
    Removing stm32f10x_spi.o(i.SPI_SSOutputCmd), (24 bytes).
    Removing stm32f10x_spi.o(i.SPI_StructInit), (24 bytes).
    Removing stm32f10x_spi.o(i.SPI_TransmitCRC), (10 bytes).
    Removing stm32f10x_gpio.o(i.GPIO_AFIODeInit), (20 bytes).
    Removing stm32f10x_gpio.o(i.GPIO_DeInit), (200 bytes).
    Removing stm32f10x_gpio.o(i.GPIO_ETH_MediaInterfaceConfig), (12 bytes).
    Removing stm32f10x_gpio.o(i.GPIO_EventOutputCmd), (12 bytes).
    Removing stm32f10x_gpio.o(i.GPIO_EventOutputConfig), (32 bytes).
    Removing stm32f10x_gpio.o(i.GPIO_PinLockConfig), (18 bytes).
    Removing stm32f10x_gpio.o(i.GPIO_ReadInputData), (8 bytes).
    Removing stm32f10x_gpio.o(i.GPIO_ReadOutputData), (8 bytes).
    Removing stm32f10x_gpio.o(i.GPIO_ReadOutputDataBit), (18 bytes).
    Removing stm32f10x_gpio.o(i.GPIO_StructInit), (16 bytes).
    Removing stm32f10x_gpio.o(i.GPIO_Write), (4 bytes).
    Removing stm32f10x_gpio.o(i.GPIO_WriteBit), (10 bytes).
    Removing stm32f10x_rcc.o(i.RCC_ADCCLKConfig), (24 bytes).
    Removing stm32f10x_rcc.o(i.RCC_AHBPeriphClockCmd), (32 bytes).
    Removing stm32f10x_rcc.o(i.RCC_APB1PeriphResetCmd), (32 bytes).
    Removing stm32f10x_rcc.o(i.RCC_APB2PeriphResetCmd), (32 bytes).
    Removing stm32f10x_rcc.o(i.RCC_AdjustHSICalibrationValue), (24 bytes).
    Removing stm32f10x_rcc.o(i.RCC_BackupResetCmd), (12 bytes).
    Removing stm32f10x_rcc.o(i.RCC_ClearFlag), (20 bytes).
    Removing stm32f10x_rcc.o(i.RCC_ClearITPendingBit), (12 bytes).
    Removing stm32f10x_rcc.o(i.RCC_ClockSecuritySystemCmd), (12 bytes).
    Removing stm32f10x_rcc.o(i.RCC_DeInit), (76 bytes).
    Removing stm32f10x_rcc.o(i.RCC_GetFlagStatus), (60 bytes).
    Removing stm32f10x_rcc.o(i.RCC_GetITStatus), (24 bytes).
    Removing stm32f10x_rcc.o(i.RCC_GetSYSCLKSource), (16 bytes).
    Removing stm32f10x_rcc.o(i.RCC_HCLKConfig), (24 bytes).
    Removing stm32f10x_rcc.o(i.RCC_HSEConfig), (76 bytes).
    Removing stm32f10x_rcc.o(i.RCC_HSICmd), (12 bytes).
    Removing stm32f10x_rcc.o(i.RCC_ITConfig), (32 bytes).
    Removing stm32f10x_rcc.o(i.RCC_LSEConfig), (52 bytes).
    Removing stm32f10x_rcc.o(i.RCC_LSICmd), (12 bytes).
    Removing stm32f10x_rcc.o(i.RCC_MCOConfig), (12 bytes).
    Removing stm32f10x_rcc.o(i.RCC_PCLK1Config), (24 bytes).
    Removing stm32f10x_rcc.o(i.RCC_PCLK2Config), (24 bytes).
    Removing stm32f10x_rcc.o(i.RCC_PLLCmd), (12 bytes).
    Removing stm32f10x_rcc.o(i.RCC_PLLConfig), (28 bytes).
    Removing stm32f10x_rcc.o(i.RCC_RTCCLKCmd), (12 bytes).
    Removing stm32f10x_rcc.o(i.RCC_RTCCLKConfig), (16 bytes).
    Removing stm32f10x_rcc.o(i.RCC_SYSCLKConfig), (24 bytes).
    Removing stm32f10x_rcc.o(i.RCC_USBCLKConfig), (12 bytes).
    Removing stm32f10x_rcc.o(i.RCC_WaitForHSEStartUp), (56 bytes).
    Removing stm32f10x_exti.o(i.EXTI_ClearFlag), (12 bytes).
    Removing stm32f10x_exti.o(i.EXTI_ClearITPendingBit), (12 bytes).
    Removing stm32f10x_exti.o(i.EXTI_DeInit), (36 bytes).
    Removing stm32f10x_exti.o(i.EXTI_GenerateSWInterrupt), (16 bytes).
    Removing stm32f10x_exti.o(i.EXTI_GetFlagStatus), (24 bytes).
    Removing stm32f10x_exti.o(i.EXTI_GetITStatus), (40 bytes).
    Removing stm32f10x_exti.o(i.EXTI_StructInit), (16 bytes).
    Removing stm32f10x_it.o(i.KEY_EXTI_FUNCTION), (104 bytes).
    Removing bsp_can.o(i.CAN_GPIO_Config), (80 bytes).
    Removing bsp_can.o(i.CAN_Interrupt), (264 bytes).
    Removing bsp_can.o(i.CAN_NVIC_Configuration), (40 bytes).
    Removing bsp_can.o(i.CAN_Polling), (316 bytes).
    Removing bsp_can.o(i.USER_CAN_Init), (12 bytes).
    Removing bsp_can.o(i.USER_CAN_Test), (32 bytes).
    Removing bsp_spi.o(i.SPI1_InitConfig), (132 bytes).
    Removing bsp_spi.o(i.SPI1_WriterByte), (32 bytes).
    Removing st_string.o(i.st_memcmp), (46 bytes).
    Removing st_string.o(i.st_memset), (24 bytes).
    Removing st_string.o(i.st_strcat), (38 bytes).
    Removing st_string.o(i.st_strcmp), (40 bytes).
    Removing st_string.o(i.st_strcpy), (24 bytes).
    Removing st_string.o(i.st_strlen), (20 bytes).
    Removing st_string.o(i.st_strncmp), (48 bytes).
    Removing st_string.o(i.st_toupper), (24 bytes).
    Removing bsp_usart.o(i.fgetc), (32 bytes).
    Removing oleddisplay.o(i.LCD_P16x16Ch), (88 bytes).
    Removing oleddisplay.o(i.LCD_P8x16Str), (140 bytes).
    Removing oleddisplay.o(i.OLED_DrawBMP), (120 bytes).
    Removing oleddisplay.o(i.OLED_ShowChar), (112 bytes).
    Removing oleddisplay.o(i.OLED_Test), (220 bytes).
    Removing rc522.o(i.CalulateCRC), (108 bytes).
    Removing rc522.o(i.PcdAnticoll), (112 bytes).
    Removing rc522.o(i.PcdAuthState), (112 bytes).
    Removing rc522.o(i.PcdBakValue), (198 bytes).
    Removing rc522.o(i.PcdComMF522), (306 bytes).
    Removing rc522.o(i.PcdHalt), (52 bytes).
    Removing rc522.o(i.PcdRead), (84 bytes).
    Removing rc522.o(i.PcdRequest), (84 bytes).
    Removing rc522.o(i.PcdSelect), (114 bytes).
    Removing rc522.o(i.PcdValue), (184 bytes).
    Removing rc522.o(i.PcdWrite), (146 bytes).
    Removing rc522.o(i.RC522_Test), (524 bytes).
    Removing rc522.o(.bss), (20 bytes).
    Removing rc522.o(.data), (26 bytes).
    Removing smokedetect.o(i.BEEP_Config), (56 bytes).
    Removing smokedetect.o(i.SMOKE_Alarm_Detect), (60 bytes).
    Removing smokedetect.o(i.SMOKE_Alarm_Init), (8 bytes).
    Removing smokedetect.o(.data), (2 bytes).
    Removing externalcomm.o(i.MODS_SendAckErr), (44 bytes).
    Removing externalcomm.o(i.MODS_SendAckOk), (36 bytes).
    Removing eeprom.o(i.eeprom_Erase), (104 bytes).
    Removing oledfont.o(.constdata), (4176 bytes).
    Removing dadd.o(.text), (334 bytes).
    Removing dmul.o(.text), (228 bytes).
    Removing ddiv.o(.text), (222 bytes).
    Removing dfixul.o(.text), (48 bytes).
    Removing cdrcmple.o(.text), (48 bytes).
    Removing depilogue.o(.text), (186 bytes).

291 unused section(s) (total 19910 bytes) removed from the image.

==============================================================================

Image Symbol Table

    Local Symbols

    Symbol Name                              Value     Ov Type        Size  Object(Section)

    ../clib/microlib/division.c              0x00000000   Number         0  uldiv.o ABSOLUTE
    ../clib/microlib/division.c              0x00000000   Number         0  uidiv.o ABSOLUTE
    ../clib/microlib/init/entry.s            0x00000000   Number         0  entry.o ABSOLUTE
    ../clib/microlib/init/entry.s            0x00000000   Number         0  entry5.o ABSOLUTE
    ../clib/microlib/init/entry.s            0x00000000   Number         0  entry7a.o ABSOLUTE
    ../clib/microlib/init/entry.s            0x00000000   Number         0  entry7b.o ABSOLUTE
    ../clib/microlib/init/entry.s            0x00000000   Number         0  entry8a.o ABSOLUTE
    ../clib/microlib/init/entry.s            0x00000000   Number         0  entry9b.o ABSOLUTE
    ../clib/microlib/init/entry.s            0x00000000   Number         0  entry8b.o ABSOLUTE
    ../clib/microlib/init/entry.s            0x00000000   Number         0  entry11b.o ABSOLUTE
    ../clib/microlib/init/entry.s            0x00000000   Number         0  entry10a.o ABSOLUTE
    ../clib/microlib/init/entry.s            0x00000000   Number         0  entry11a.o ABSOLUTE
    ../clib/microlib/init/entry.s            0x00000000   Number         0  entry10b.o ABSOLUTE
    ../clib/microlib/init/entry.s            0x00000000   Number         0  entry9a.o ABSOLUTE
    ../clib/microlib/init/entry.s            0x00000000   Number         0  entry2.o ABSOLUTE
    ../clib/microlib/longlong.c              0x00000000   Number         0  llshl.o ABSOLUTE
    ../clib/microlib/longlong.c              0x00000000   Number         0  llushr.o ABSOLUTE
    ../clib/microlib/longlong.c              0x00000000   Number         0  llsshr.o ABSOLUTE
    ../clib/microlib/printf/printf.c         0x00000000   Number         0  printf8.o ABSOLUTE
    ../clib/microlib/printf/printf.c         0x00000000   Number         0  printf7.o ABSOLUTE
    ../clib/microlib/printf/printf.c         0x00000000   Number         0  printf6.o ABSOLUTE
    ../clib/microlib/printf/printf.c         0x00000000   Number         0  printf5.o ABSOLUTE
    ../clib/microlib/printf/printf.c         0x00000000   Number         0  printf2.o ABSOLUTE
    ../clib/microlib/printf/printf.c         0x00000000   Number         0  printf4.o ABSOLUTE
    ../clib/microlib/printf/printf.c         0x00000000   Number         0  printf3.o ABSOLUTE
    ../clib/microlib/printf/printf.c         0x00000000   Number         0  printfa.o ABSOLUTE
    ../clib/microlib/printf/printf.c         0x00000000   Number         0  printf1.o ABSOLUTE
    ../clib/microlib/printf/printf.c         0x00000000   Number         0  printf0.o ABSOLUTE
    ../clib/microlib/printf/printf.c         0x00000000   Number         0  printfb.o ABSOLUTE
    ../clib/microlib/printf/stubs.s          0x00000000   Number         0  stubs.o ABSOLUTE
    ../clib/microlib/stdio/streams.c         0x00000000   Number         0  stdout.o ABSOLUTE
    ../clib/microlib/string/memcpy.c         0x00000000   Number         0  memcpya.o ABSOLUTE
    ../clib/microlib/string/memcpy.c         0x00000000   Number         0  memcpyb.o ABSOLUTE
    ../clib/microlib/stubs.s                 0x00000000   Number         0  iusefp.o ABSOLUTE
    ../fplib/microlib/fpadd.c                0x00000000   Number         0  dadd.o ABSOLUTE
    ../fplib/microlib/fpdiv.c                0x00000000   Number         0  ddiv.o ABSOLUTE
    ../fplib/microlib/fpepilogue.c           0x00000000   Number         0  depilogue.o ABSOLUTE
    ../fplib/microlib/fpfix.c                0x00000000   Number         0  dfixul.o ABSOLUTE
    ../fplib/microlib/fpmul.c                0x00000000   Number         0  dmul.o ABSOLUTE
    ..\Libraries\CMSIS\core_cm3.c            0x00000000   Number         0  core_cm3.o ABSOLUTE
    ..\Libraries\CMSIS\startup\startup_stm32f10x_hd.s 0x00000000   Number         0  startup_stm32f10x_hd.o ABSOLUTE
    ..\Libraries\CMSIS\system_stm32f10x.c    0x00000000   Number         0  system_stm32f10x.o ABSOLUTE
    ..\Libraries\FWlib\src\misc.c            0x00000000   Number         0  misc.o ABSOLUTE
    ..\Libraries\FWlib\src\stm32f10x_adc.c   0x00000000   Number         0  stm32f10x_adc.o ABSOLUTE
    ..\Libraries\FWlib\src\stm32f10x_can.c   0x00000000   Number         0  stm32f10x_can.o ABSOLUTE
    ..\Libraries\FWlib\src\stm32f10x_exti.c  0x00000000   Number         0  stm32f10x_exti.o ABSOLUTE
    ..\Libraries\FWlib\src\stm32f10x_gpio.c  0x00000000   Number         0  stm32f10x_gpio.o ABSOLUTE
    ..\Libraries\FWlib\src\stm32f10x_rcc.c   0x00000000   Number         0  stm32f10x_rcc.o ABSOLUTE
    ..\Libraries\FWlib\src\stm32f10x_spi.c   0x00000000   Number         0  stm32f10x_spi.o ABSOLUTE
    ..\Libraries\FWlib\src\stm32f10x_tim.c   0x00000000   Number         0  stm32f10x_tim.o ABSOLUTE
    ..\Libraries\FWlib\src\stm32f10x_usart.c 0x00000000   Number         0  stm32f10x_usart.o ABSOLUTE
    ..\User\app\src\dht11.c                  0x00000000   Number         0  dht11.o ABSOLUTE
    ..\User\app\src\eeprom.c                 0x00000000   Number         0  eeprom.o ABSOLUTE
    ..\User\app\src\esp8266.c                0x00000000   Number         0  esp8266.o ABSOLUTE
    ..\User\app\src\externalcomm.c           0x00000000   Number         0  externalcomm.o ABSOLUTE
    ..\User\app\src\flash.c                  0x00000000   Number         0  flash.o ABSOLUTE
    ..\User\app\src\nrf24l01.c               0x00000000   Number         0  nrf24l01.o ABSOLUTE
    ..\User\app\src\oleddisplay.c            0x00000000   Number         0  oleddisplay.o ABSOLUTE
    ..\User\app\src\rc522.c                  0x00000000   Number         0  rc522.o ABSOLUTE
    ..\User\app\src\smokedetect.c            0x00000000   Number         0  smokedetect.o ABSOLUTE
    ..\User\app\src\stepmotor.c              0x00000000   Number         0  stepmotor.o ABSOLUTE
    ..\User\drives\src\ST_string.c           0x00000000   Number         0  st_string.o ABSOLUTE
    ..\User\drives\src\bsp.c                 0x00000000   Number         0  bsp.o ABSOLUTE
    ..\User\drives\src\bsp_adc.c             0x00000000   Number         0  bsp_adc.o ABSOLUTE
    ..\User\drives\src\bsp_can.c             0x00000000   Number         0  bsp_can.o ABSOLUTE
    ..\User\drives\src\bsp_iic.c             0x00000000   Number         0  bsp_iic.o ABSOLUTE
    ..\User\drives\src\bsp_key.c             0x00000000   Number         0  bsp_key.o ABSOLUTE
    ..\User\drives\src\bsp_led.c             0x00000000   Number         0  bsp_led.o ABSOLUTE
    ..\User\drives\src\bsp_spi.c             0x00000000   Number         0  bsp_spi.o ABSOLUTE
    ..\User\drives\src\bsp_systick.c         0x00000000   Number         0  bsp_systick.o ABSOLUTE
    ..\User\drives\src\bsp_timer.c           0x00000000   Number         0  bsp_timer.o ABSOLUTE
    ..\User\drives\src\bsp_usart.c           0x00000000   Number         0  bsp_usart.o ABSOLUTE
    ..\User\font\oledfont.c                  0x00000000   Number         0  oledfont.o ABSOLUTE
    ..\User\main.c                           0x00000000   Number         0  main.o ABSOLUTE
    ..\User\stm32f10x_it.c                   0x00000000   Number         0  stm32f10x_it.o ABSOLUTE
    ..\\Libraries\\CMSIS\\core_cm3.c         0x00000000   Number         0  core_cm3.o ABSOLUTE
    cdrcmple.s                               0x00000000   Number         0  cdrcmple.o ABSOLUTE
    dc.s                                     0x00000000   Number         0  dc.o ABSOLUTE
    handlers.s                               0x00000000   Number         0  handlers.o ABSOLUTE
    init.s                                   0x00000000   Number         0  init.o ABSOLUTE
    RESET                                    0x08000000   Section      304  startup_stm32f10x_hd.o(RESET)
    .ARM.Collect$$$$00000000                 0x08000130   Section        0  entry.o(.ARM.Collect$$$$00000000)
    .ARM.Collect$$$$00000001                 0x08000130   Section        4  entry2.o(.ARM.Collect$$$$00000001)
    .ARM.Collect$$$$00000004                 0x08000134   Section        4  entry5.o(.ARM.Collect$$$$00000004)
    .ARM.Collect$$$$00000008                 0x08000138   Section        0  entry7b.o(.ARM.Collect$$$$00000008)
    .ARM.Collect$$$$0000000A                 0x08000138   Section        0  entry8b.o(.ARM.Collect$$$$0000000A)
    .ARM.Collect$$$$0000000B                 0x08000138   Section        8  entry9a.o(.ARM.Collect$$$$0000000B)
    .ARM.Collect$$$$0000000D                 0x08000140   Section        0  entry10a.o(.ARM.Collect$$$$0000000D)
    .ARM.Collect$$$$0000000F                 0x08000140   Section        0  entry11a.o(.ARM.Collect$$$$0000000F)
    .ARM.Collect$$$$00002712                 0x08000140   Section        4  entry2.o(.ARM.Collect$$$$00002712)
    __lit__00000000                          0x08000140   Data           4  entry2.o(.ARM.Collect$$$$00002712)
    .text                                    0x08000144   Section       36  startup_stm32f10x_hd.o(.text)
    .text                                    0x08000168   Section        0  memcpya.o(.text)
    .text                                    0x0800018c   Section        0  uldiv.o(.text)
    .text                                    0x080001f0   Section       36  init.o(.text)
    .text                                    0x08000214   Section        0  llshl.o(.text)
    .text                                    0x08000232   Section        0  llushr.o(.text)
    i.BusFault_Handler                       0x08000252   Section        0  stm32f10x_it.o(i.BusFault_Handler)
    i.CAN_Receive                            0x08000256   Section        0  stm32f10x_can.o(i.CAN_Receive)
    i.CRC16_Modbus                           0x08000348   Section        0  externalcomm.o(i.CRC16_Modbus)
    i.ClearBitMask                           0x08000380   Section        0  rc522.o(i.ClearBitMask)
    i.DHT11_In                               0x0800039c   Section        0  dht11.o(i.DHT11_In)
    i.DHT11_InitConfig                       0x080003b8   Section        0  dht11.o(i.DHT11_InitConfig)
    i.DHT11_Out                              0x080003d4   Section        0  dht11.o(i.DHT11_Out)
    i.DebugMon_Handler                       0x080003f8   Section        0  stm32f10x_it.o(i.DebugMon_Handler)
    i.EXTI_Init                              0x080003fc   Section        0  stm32f10x_exti.o(i.EXTI_Init)
    i.GPIO_EXTILineConfig                    0x08000490   Section        0  stm32f10x_gpio.o(i.GPIO_EXTILineConfig)
    i.GPIO_Init                              0x080004d0   Section        0  stm32f10x_gpio.o(i.GPIO_Init)
    i.GPIO_PinRemapConfig                    0x080005e8   Section        0  stm32f10x_gpio.o(i.GPIO_PinRemapConfig)
    i.GPIO_ReadInputDataBit                  0x08000678   Section        0  stm32f10x_gpio.o(i.GPIO_ReadInputDataBit)
    i.GPIO_ResetBits                         0x0800068a   Section        0  stm32f10x_gpio.o(i.GPIO_ResetBits)
    i.GPIO_SetBits                           0x0800068e   Section        0  stm32f10x_gpio.o(i.GPIO_SetBits)
    i.Get_Parameter                          0x08000694   Section        0  externalcomm.o(i.Get_Parameter)
    Get_Parameter                            0x08000695   Thumb Code    98  externalcomm.o(i.Get_Parameter)
    i.HardFault_Handler                      0x08000708   Section        0  stm32f10x_it.o(i.HardFault_Handler)
    i.I2C_CheckDevice                        0x0800070c   Section        0  bsp_iic.o(i.I2C_CheckDevice)
    i.I2C_GPIOInitConfig                     0x08000728   Section        0  bsp_iic.o(i.I2C_GPIOInitConfig)
    i.I2C_RecvACK                            0x0800075c   Section        0  bsp_iic.o(i.I2C_RecvACK)
    i.I2C_RecvByte                           0x080007ac   Section        0  bsp_iic.o(i.I2C_RecvByte)
    i.I2C_SendACK                            0x080007fc   Section        0  bsp_iic.o(i.I2C_SendACK)
    i.I2C_SendByte                           0x08000844   Section        0  bsp_iic.o(i.I2C_SendByte)
    i.I2C_Start                              0x080008a0   Section        0  bsp_iic.o(i.I2C_Start)
    i.I2C_Stop                               0x080008d4   Section        0  bsp_iic.o(i.I2C_Stop)
    i.KEY_EXTI_Config                        0x08000900   Section        0  bsp_key.o(i.KEY_EXTI_Config)
    i.LED_Init                               0x08000970   Section        0  bsp_led.o(i.LED_Init)
    i.LED_SetStatus                          0x080009c8   Section        0  bsp_led.o(i.LED_SetStatus)
    i.M500PcdConfigISOType                   0x08000a88   Section        0  rc522.o(i.M500PcdConfigISOType)
    i.MODS_03_SlaveReply                     0x08000ae4   Section        0  externalcomm.o(i.MODS_03_SlaveReply)
    i.MODS_DataClear                         0x08000b68   Section        0  externalcomm.o(i.MODS_DataClear)
    MODS_DataClear                           0x08000b69   Thumb Code    36  externalcomm.o(i.MODS_DataClear)
    i.MODS_Poll                              0x08000b90   Section        0  externalcomm.o(i.MODS_Poll)
    i.MODS_ReceieveNew                       0x08000be4   Section        0  externalcomm.o(i.MODS_ReceieveNew)
    i.MODS_ReceieveNewData                   0x08000c18   Section        0  bsp_usart.o(i.MODS_ReceieveNewData)
    i.MODS_SendData                          0x08000c84   Section        0  bsp_usart.o(i.MODS_SendData)
    i.MODS_SendWithCRC                       0x08000c98   Section        0  externalcomm.o(i.MODS_SendWithCRC)
    MODS_SendWithCRC                         0x08000c99   Thumb Code    66  externalcomm.o(i.MODS_SendWithCRC)
    i.MemManage_Handler                      0x08000ce0   Section        0  stm32f10x_it.o(i.MemManage_Handler)
    i.Monitor_AnalyzeApp                     0x08000ce4   Section        0  externalcomm.o(i.Monitor_AnalyzeApp)
    Monitor_AnalyzeApp                       0x08000ce5   Thumb Code    54  externalcomm.o(i.Monitor_AnalyzeApp)
    i.Monitor_CommProcess                    0x08000d20   Section        0  externalcomm.o(i.Monitor_CommProcess)
    i.NMI_Handler                            0x08000d28   Section        0  stm32f10x_it.o(i.NMI_Handler)
    i.NVIC_Configuration                     0x08000d2a   Section        0  bsp_key.o(i.NVIC_Configuration)
    NVIC_Configuration                       0x08000d2b   Thumb Code    40  bsp_key.o(i.NVIC_Configuration)
    i.NVIC_Init                              0x08000d54   Section        0  misc.o(i.NVIC_Init)
    i.NVIC_PriorityGroupConfig               0x08000dc4   Section        0  misc.o(i.NVIC_PriorityGroupConfig)
    i.NVIC_UsartConfig                       0x08000dd8   Section        0  bsp_usart.o(i.NVIC_UsartConfig)
    i.OLED_Fill                              0x08000e00   Section        0  oleddisplay.o(i.OLED_Fill)
    i.OLED_GPIO_Config                       0x08000e44   Section        0  oleddisplay.o(i.OLED_GPIO_Config)
    i.OLED_Init                              0x08000e8c   Section        0  oleddisplay.o(i.OLED_Init)
    i.OLED_Set_Pos                           0x08000fc4   Section        0  oleddisplay.o(i.OLED_Set_Pos)
    i.OLED_WRByte                            0x08000ff4   Section        0  oleddisplay.o(i.OLED_WRByte)
    i.PcdAntennaOff                          0x08001054   Section        0  rc522.o(i.PcdAntennaOff)
    i.PcdAntennaOn                           0x08001060   Section        0  rc522.o(i.PcdAntennaOn)
    i.PcdReset                               0x0800107c   Section        0  rc522.o(i.PcdReset)
    i.PendSV_Handler                         0x080010f0   Section        0  stm32f10x_it.o(i.PendSV_Handler)
    i.RC522_Init                             0x080010f2   Section        0  rc522.o(i.RC522_Init)
    i.RCC_APB1PeriphClockCmd                 0x08001118   Section        0  stm32f10x_rcc.o(i.RCC_APB1PeriphClockCmd)
    i.RCC_APB2PeriphClockCmd                 0x08001138   Section        0  stm32f10x_rcc.o(i.RCC_APB2PeriphClockCmd)
    i.RCC_GetClocksFreq                      0x08001158   Section        0  stm32f10x_rcc.o(i.RCC_GetClocksFreq)
    i.ReadRawRC                              0x0800122c   Section        0  rc522.o(i.ReadRawRC)
    i.SDA_IN                                 0x08001268   Section        0  bsp_iic.o(i.SDA_IN)
    SDA_IN                                   0x08001269   Thumb Code    32  bsp_iic.o(i.SDA_IN)
    i.SDA_OUT                                0x0800128c   Section        0  bsp_iic.o(i.SDA_OUT)
    SDA_OUT                                  0x0800128d   Thumb Code    38  bsp_iic.o(i.SDA_OUT)
    i.SPI2WriteByte                          0x080012b8   Section        0  bsp_spi.o(i.SPI2WriteByte)
    i.SPI2_Init                              0x080012ec   Section        0  bsp_spi.o(i.SPI2_Init)
    i.SPI_Cmd                                0x080013a4   Section        0  stm32f10x_spi.o(i.SPI_Cmd)
    i.SPI_Init                               0x080013bc   Section        0  stm32f10x_spi.o(i.SPI_Init)
    i.SVC_Handler                            0x080013f8   Section        0  stm32f10x_it.o(i.SVC_Handler)
    i.SYSTICK_InitConfig                     0x080013fc   Section        0  bsp_systick.o(i.SYSTICK_InitConfig)
    i.SetBitMask                             0x08001448   Section        0  rc522.o(i.SetBitMask)
    i.SetSysClock                            0x08001464   Section        0  system_stm32f10x.o(i.SetSysClock)
    SetSysClock                              0x08001465   Thumb Code     8  system_stm32f10x.o(i.SetSysClock)
    i.SetSysClockTo72                        0x0800146c   Section        0  system_stm32f10x.o(i.SetSysClockTo72)
    SetSysClockTo72                          0x0800146d   Thumb Code   214  system_stm32f10x.o(i.SetSysClockTo72)
    i.SysTick_CLKSourceConfig                0x0800154c   Section        0  misc.o(i.SysTick_CLKSourceConfig)
    i.SysTick_Handler                        0x08001574   Section        0  stm32f10x_it.o(i.SysTick_Handler)
    i.SystemInit                             0x08001578   Section        0  system_stm32f10x.o(i.SystemInit)
    i.TIM2_Config                            0x080015d8   Section        0  bsp_timer.o(i.TIM2_Config)
    TIM2_Config                              0x080015d9   Thumb Code    72  bsp_timer.o(i.TIM2_Config)
    i.TIM2_IRQHandler                        0x08001620   Section        0  stm32f10x_it.o(i.TIM2_IRQHandler)
    i.TIM2_InitConfig                        0x08001680   Section        0  bsp_timer.o(i.TIM2_InitConfig)
    i.TIM2_NVIC_InitConfig                   0x0800168c   Section        0  bsp_timer.o(i.TIM2_NVIC_InitConfig)
    TIM2_NVIC_InitConfig                     0x0800168d   Thumb Code    30  bsp_timer.o(i.TIM2_NVIC_InitConfig)
    i.TIM_ClearFlag                          0x080016aa   Section        0  stm32f10x_tim.o(i.TIM_ClearFlag)
    i.TIM_ClearITPendingBit                  0x080016b0   Section        0  stm32f10x_tim.o(i.TIM_ClearITPendingBit)
    i.TIM_Cmd                                0x080016b6   Section        0  stm32f10x_tim.o(i.TIM_Cmd)
    i.TIM_GetITStatus                        0x080016ce   Section        0  stm32f10x_tim.o(i.TIM_GetITStatus)
    i.TIM_ITConfig                           0x080016f0   Section        0  stm32f10x_tim.o(i.TIM_ITConfig)
    i.TIM_TimeBaseInit                       0x08001704   Section        0  stm32f10x_tim.o(i.TIM_TimeBaseInit)
    i.USART1_IRQHandler                      0x080017a8   Section        0  stm32f10x_it.o(i.USART1_IRQHandler)
    i.USART1_Init_Config                     0x080017b8   Section        0  bsp_usart.o(i.USART1_Init_Config)
    i.USART1_Putchar                         0x08001854   Section        0  bsp_usart.o(i.USART1_Putchar)
    USART1_Putchar                           0x08001855   Thumb Code    30  bsp_usart.o(i.USART1_Putchar)
    i.USART1_Senddata                        0x08001872   Section        0  bsp_usart.o(i.USART1_Senddata)
    i.USART_ClearFlag                        0x08001896   Section        0  stm32f10x_usart.o(i.USART_ClearFlag)
    i.USART_ClearITPendingBit                0x080018a8   Section        0  stm32f10x_usart.o(i.USART_ClearITPendingBit)
    i.USART_Cmd                              0x080018c6   Section        0  stm32f10x_usart.o(i.USART_Cmd)
    i.USART_GetFlagStatus                    0x080018de   Section        0  stm32f10x_usart.o(i.USART_GetFlagStatus)
    i.USART_GetITStatus                      0x080018f8   Section        0  stm32f10x_usart.o(i.USART_GetITStatus)
    i.USART_ITConfig                         0x0800194c   Section        0  stm32f10x_usart.o(i.USART_ITConfig)
    i.USART_Init                             0x08001998   Section        0  stm32f10x_usart.o(i.USART_Init)
    i.USART_ReceiveData                      0x08001a70   Section        0  stm32f10x_usart.o(i.USART_ReceiveData)
    i.USART_SendData                         0x08001a7a   Section        0  stm32f10x_usart.o(i.USART_SendData)
    i.USB_LP_CAN1_RX0_IRQHandler             0x08001a84   Section        0  stm32f10x_it.o(i.USB_LP_CAN1_RX0_IRQHandler)
    i.UartIRQ                                0x08001af4   Section        0  bsp_usart.o(i.UartIRQ)
    i.UartVarInit                            0x08001b44   Section        0  bsp_usart.o(i.UartVarInit)
    UartVarInit                              0x08001b45   Thumb Code    40  bsp_usart.o(i.UartVarInit)
    i.UsageFault_Handler                     0x08001b80   Section        0  stm32f10x_it.o(i.UsageFault_Handler)
    i.WriteRawRC                             0x08001b84   Section        0  rc522.o(i.WriteRawRC)
    i.__0printf$5                            0x08001bb8   Section        0  printf5.o(i.__0printf$5)
    i.__scatterload_copy                     0x08001bd8   Section       14  handlers.o(i.__scatterload_copy)
    i.__scatterload_null                     0x08001be6   Section        2  handlers.o(i.__scatterload_null)
    i.__scatterload_zeroinit                 0x08001be8   Section       14  handlers.o(i.__scatterload_zeroinit)
    i._printf_core                           0x08001bf8   Section        0  printf5.o(i._printf_core)
    _printf_core                             0x08001bf9   Thumb Code   658  printf5.o(i._printf_core)
    i.bsp_init                               0x08001eb8   Section        0  bsp.o(i.bsp_init)
    i.delay_ms                               0x08001ee4   Section        0  bsp_systick.o(i.delay_ms)
    i.delay_us                               0x08001f20   Section        0  bsp_systick.o(i.delay_us)
    i.dht11_check                            0x08001f5c   Section        0  dht11.o(i.dht11_check)
    i.dht11_read_bit                         0x08001fb0   Section        0  dht11.o(i.dht11_read_bit)
    i.dht11_read_byte                        0x08002008   Section        0  dht11.o(i.dht11_read_byte)
    i.dht11_read_data                        0x08002024   Section        0  dht11.o(i.dht11_read_data)
    i.dht11_rst                              0x080020ac   Section        0  dht11.o(i.dht11_rst)
    i.eeprom_CheckOk                         0x080020d8   Section        0  eeprom.o(i.eeprom_CheckOk)
    i.eeprom_ReadBytes                       0x080020f0   Section        0  eeprom.o(i.eeprom_ReadBytes)
    i.eeprom_Test                            0x080021ac   Section        0  eeprom.o(i.eeprom_Test)
    i.eeprom_WriteBytes                      0x080022d8   Section        0  eeprom.o(i.eeprom_WriteBytes)
    i.fputc                                  0x08002358   Section        0  bsp_usart.o(i.fputc)
    i.main                                   0x0800237c   Section        0  main.o(i.main)
    i.st_memcpy                              0x08002450   Section        0  st_string.o(i.st_memcpy)
    .constdata                               0x0800246a   Section      512  externalcomm.o(.constdata)
    s_CRCHi                                  0x0800246a   Data         256  externalcomm.o(.constdata)
    .data                                    0x20000000   Section       20  stm32f10x_rcc.o(.data)
    APBAHBPrescTable                         0x20000000   Data          16  stm32f10x_rcc.o(.data)
    ADCPrescTable                            0x20000010   Data           4  stm32f10x_rcc.o(.data)
    .data                                    0x20000014   Section        4  stm32f10x_it.o(.data)
    tim2_tick_count                          0x20000014   Data           2  stm32f10x_it.o(.data)
    modbus_recv_count                        0x20000016   Data           2  stm32f10x_it.o(.data)
    .data                                    0x20000018   Section        5  bsp_can.o(.data)
    .data                                    0x2000001e   Section        4  bsp_systick.o(.data)
    fac_us                                   0x2000001e   Data           1  bsp_systick.o(.data)
    fac_ms                                   0x20000020   Data           2  bsp_systick.o(.data)
    .data                                    0x20000022   Section        1  bsp_timer.o(.data)
    .data                                    0x20000024   Section        2  bsp_usart.o(.data)
    .data                                    0x20000026   Section        4  dht11.o(.data)
    .data                                    0x2000002c   Section        4  stdout.o(.data)
    .bss                                     0x20000030   Section      550  bsp_usart.o(.bss)
    g_TxBuf1                                 0x20000058   Data         255  bsp_usart.o(.bss)
    g_RxBuf1                                 0x20000157   Data         255  bsp_usart.o(.bss)
    .bss                                     0x20000256   Section      515  externalcomm.o(.bss)
    .bss                                     0x20000459   Section      512  eeprom.o(.bss)
    STACK                                    0x20000660   Section     1024  startup_stm32f10x_hd.o(STACK)

    Global Symbols

    Symbol Name                              Value     Ov Type        Size  Object(Section)

    BuildAttributes$$THM_ISAv4$P$D$K$B$S$PE$A:L22UL41UL21$X:L11$S22US41US21$IEEE1$IW$USESV6$~STKCKD$USESV7$~SHL$OSPACE$ROPI$EBA8$MICROLIB$REQ8$PRES8$EABIv2 0x00000000   Number         0  anon$$obj.o ABSOLUTE
    __ARM_use_no_argv                        0x00000000   Number         0  main.o ABSOLUTE
    _printf_a                                0x00000000   Number         0  stubs.o ABSOLUTE
    _printf_c                                0x00000000   Number         0  stubs.o ABSOLUTE
    _printf_charcount                        0x00000000   Number         0  stubs.o ABSOLUTE
    _printf_d                                0x00000000   Number         0  stubs.o ABSOLUTE
    _printf_e                                0x00000000   Number         0  stubs.o ABSOLUTE
    _printf_f                                0x00000000   Number         0  stubs.o ABSOLUTE
    _printf_flags                            0x00000000   Number         0  stubs.o ABSOLUTE
    _printf_fp_dec                           0x00000000   Number         0  stubs.o ABSOLUTE
    _printf_fp_hex                           0x00000000   Number         0  stubs.o ABSOLUTE
    _printf_g                                0x00000000   Number         0  stubs.o ABSOLUTE
    _printf_i                                0x00000000   Number         0  stubs.o ABSOLUTE
    _printf_int_dec                          0x00000000   Number         0  stubs.o ABSOLUTE
    _printf_l                                0x00000000   Number         0  stubs.o ABSOLUTE
    _printf_lc                               0x00000000   Number         0  stubs.o ABSOLUTE
    _printf_ll                               0x00000000   Number         0  stubs.o ABSOLUTE
    _printf_lld                              0x00000000   Number         0  stubs.o ABSOLUTE
    _printf_lli                              0x00000000   Number         0  stubs.o ABSOLUTE
    _printf_llo                              0x00000000   Number         0  stubs.o ABSOLUTE
    _printf_llu                              0x00000000   Number         0  stubs.o ABSOLUTE
    _printf_llx                              0x00000000   Number         0  stubs.o ABSOLUTE
    _printf_longlong_dec                     0x00000000   Number         0  stubs.o ABSOLUTE
    _printf_longlong_hex                     0x00000000   Number         0  stubs.o ABSOLUTE
    _printf_longlong_oct                     0x00000000   Number         0  stubs.o ABSOLUTE
    _printf_ls                               0x00000000   Number         0  stubs.o ABSOLUTE
    _printf_mbtowc                           0x00000000   Number         0  stubs.o ABSOLUTE
    _printf_n                                0x00000000   Number         0  stubs.o ABSOLUTE
    _printf_o                                0x00000000   Number         0  stubs.o ABSOLUTE
    _printf_p                                0x00000000   Number         0  stubs.o ABSOLUTE
    _printf_percent                          0x00000000   Number         0  stubs.o ABSOLUTE
    _printf_pre_padding                      0x00000000   Number         0  stubs.o ABSOLUTE
    _printf_return_value                     0x00000000   Number         0  stubs.o ABSOLUTE
    _printf_s                                0x00000000   Number         0  stubs.o ABSOLUTE
    _printf_sizespec                         0x00000000   Number         0  stubs.o ABSOLUTE
    _printf_str                              0x00000000   Number         0  stubs.o ABSOLUTE
    _printf_truncate_signed                  0x00000000   Number         0  stubs.o ABSOLUTE
    _printf_truncate_unsigned                0x00000000   Number         0  stubs.o ABSOLUTE
    _printf_u                                0x00000000   Number         0  stubs.o ABSOLUTE
    _printf_wc                               0x00000000   Number         0  stubs.o ABSOLUTE
    _printf_wctomb                           0x00000000   Number         0  stubs.o ABSOLUTE
    _printf_widthprec                        0x00000000   Number         0  stubs.o ABSOLUTE
    _printf_x                                0x00000000   Number         0  stubs.o ABSOLUTE
    __cpp_initialize__aeabi_                  - Undefined Weak Reference
    __cxa_finalize                            - Undefined Weak Reference
    __decompress                              - Undefined Weak Reference
    _clock_init                               - Undefined Weak Reference
    _microlib_exit                            - Undefined Weak Reference
    __Vectors_Size                           0x00000130   Number         0  startup_stm32f10x_hd.o ABSOLUTE
    __Vectors                                0x08000000   Data           4  startup_stm32f10x_hd.o(RESET)
    __Vectors_End                            0x08000130   Data           0  startup_stm32f10x_hd.o(RESET)
    __main                                   0x08000131   Thumb Code     0  entry.o(.ARM.Collect$$$$00000000)
    _main_stk                                0x08000131   Thumb Code     0  entry2.o(.ARM.Collect$$$$00000001)
    _main_scatterload                        0x08000135   Thumb Code     0  entry5.o(.ARM.Collect$$$$00000004)
    __main_after_scatterload                 0x08000139   Thumb Code     0  entry5.o(.ARM.Collect$$$$00000004)
    _main_clock                              0x08000139   Thumb Code     0  entry7b.o(.ARM.Collect$$$$00000008)
    _main_cpp_init                           0x08000139   Thumb Code     0  entry8b.o(.ARM.Collect$$$$0000000A)
    _main_init                               0x08000139   Thumb Code     0  entry9a.o(.ARM.Collect$$$$0000000B)
    __rt_final_cpp                           0x08000141   Thumb Code     0  entry10a.o(.ARM.Collect$$$$0000000D)
    __rt_final_exit                          0x08000141   Thumb Code     0  entry11a.o(.ARM.Collect$$$$0000000F)
    Reset_Handler                            0x08000145   Thumb Code     8  startup_stm32f10x_hd.o(.text)
    ADC1_2_IRQHandler                        0x0800015f   Thumb Code     0  startup_stm32f10x_hd.o(.text)
    ADC3_IRQHandler                          0x0800015f   Thumb Code     0  startup_stm32f10x_hd.o(.text)
    CAN1_RX1_IRQHandler                      0x0800015f   Thumb Code     0  startup_stm32f10x_hd.o(.text)
    CAN1_SCE_IRQHandler                      0x0800015f   Thumb Code     0  startup_stm32f10x_hd.o(.text)
    DMA1_Channel1_IRQHandler                 0x0800015f   Thumb Code     0  startup_stm32f10x_hd.o(.text)
    DMA1_Channel2_IRQHandler                 0x0800015f   Thumb Code     0  startup_stm32f10x_hd.o(.text)
    DMA1_Channel3_IRQHandler                 0x0800015f   Thumb Code     0  startup_stm32f10x_hd.o(.text)
    DMA1_Channel4_IRQHandler                 0x0800015f   Thumb Code     0  startup_stm32f10x_hd.o(.text)
    DMA1_Channel5_IRQHandler                 0x0800015f   Thumb Code     0  startup_stm32f10x_hd.o(.text)
    DMA1_Channel6_IRQHandler                 0x0800015f   Thumb Code     0  startup_stm32f10x_hd.o(.text)
    DMA1_Channel7_IRQHandler                 0x0800015f   Thumb Code     0  startup_stm32f10x_hd.o(.text)
    DMA2_Channel1_IRQHandler                 0x0800015f   Thumb Code     0  startup_stm32f10x_hd.o(.text)
    DMA2_Channel2_IRQHandler                 0x0800015f   Thumb Code     0  startup_stm32f10x_hd.o(.text)
    DMA2_Channel3_IRQHandler                 0x0800015f   Thumb Code     0  startup_stm32f10x_hd.o(.text)
    DMA2_Channel4_5_IRQHandler               0x0800015f   Thumb Code     0  startup_stm32f10x_hd.o(.text)
    EXTI0_IRQHandler                         0x0800015f   Thumb Code     0  startup_stm32f10x_hd.o(.text)
    EXTI15_10_IRQHandler                     0x0800015f   Thumb Code     0  startup_stm32f10x_hd.o(.text)
    EXTI1_IRQHandler                         0x0800015f   Thumb Code     0  startup_stm32f10x_hd.o(.text)
    EXTI2_IRQHandler                         0x0800015f   Thumb Code     0  startup_stm32f10x_hd.o(.text)
    EXTI3_IRQHandler                         0x0800015f   Thumb Code     0  startup_stm32f10x_hd.o(.text)
    EXTI4_IRQHandler                         0x0800015f   Thumb Code     0  startup_stm32f10x_hd.o(.text)
    EXTI9_5_IRQHandler                       0x0800015f   Thumb Code     0  startup_stm32f10x_hd.o(.text)
    FLASH_IRQHandler                         0x0800015f   Thumb Code     0  startup_stm32f10x_hd.o(.text)
    FSMC_IRQHandler                          0x0800015f   Thumb Code     0  startup_stm32f10x_hd.o(.text)
    I2C1_ER_IRQHandler                       0x0800015f   Thumb Code     0  startup_stm32f10x_hd.o(.text)
    I2C1_EV_IRQHandler                       0x0800015f   Thumb Code     0  startup_stm32f10x_hd.o(.text)
    I2C2_ER_IRQHandler                       0x0800015f   Thumb Code     0  startup_stm32f10x_hd.o(.text)
    I2C2_EV_IRQHandler                       0x0800015f   Thumb Code     0  startup_stm32f10x_hd.o(.text)
    PVD_IRQHandler                           0x0800015f   Thumb Code     0  startup_stm32f10x_hd.o(.text)
    RCC_IRQHandler                           0x0800015f   Thumb Code     0  startup_stm32f10x_hd.o(.text)
    RTCAlarm_IRQHandler                      0x0800015f   Thumb Code     0  startup_stm32f10x_hd.o(.text)
    RTC_IRQHandler                           0x0800015f   Thumb Code     0  startup_stm32f10x_hd.o(.text)
    SDIO_IRQHandler                          0x0800015f   Thumb Code     0  startup_stm32f10x_hd.o(.text)
    SPI1_IRQHandler                          0x0800015f   Thumb Code     0  startup_stm32f10x_hd.o(.text)
    SPI2_IRQHandler                          0x0800015f   Thumb Code     0  startup_stm32f10x_hd.o(.text)
    SPI3_IRQHandler                          0x0800015f   Thumb Code     0  startup_stm32f10x_hd.o(.text)
    TAMPER_IRQHandler                        0x0800015f   Thumb Code     0  startup_stm32f10x_hd.o(.text)
    TIM1_BRK_IRQHandler                      0x0800015f   Thumb Code     0  startup_stm32f10x_hd.o(.text)
    TIM1_CC_IRQHandler                       0x0800015f   Thumb Code     0  startup_stm32f10x_hd.o(.text)
    TIM1_TRG_COM_IRQHandler                  0x0800015f   Thumb Code     0  startup_stm32f10x_hd.o(.text)
    TIM1_UP_IRQHandler                       0x0800015f   Thumb Code     0  startup_stm32f10x_hd.o(.text)
    TIM3_IRQHandler                          0x0800015f   Thumb Code     0  startup_stm32f10x_hd.o(.text)
    TIM4_IRQHandler                          0x0800015f   Thumb Code     0  startup_stm32f10x_hd.o(.text)
    TIM5_IRQHandler                          0x0800015f   Thumb Code     0  startup_stm32f10x_hd.o(.text)
    TIM6_IRQHandler                          0x0800015f   Thumb Code     0  startup_stm32f10x_hd.o(.text)
    TIM7_IRQHandler                          0x0800015f   Thumb Code     0  startup_stm32f10x_hd.o(.text)
    TIM8_BRK_IRQHandler                      0x0800015f   Thumb Code     0  startup_stm32f10x_hd.o(.text)
    TIM8_CC_IRQHandler                       0x0800015f   Thumb Code     0  startup_stm32f10x_hd.o(.text)
    TIM8_TRG_COM_IRQHandler                  0x0800015f   Thumb Code     0  startup_stm32f10x_hd.o(.text)
    TIM8_UP_IRQHandler                       0x0800015f   Thumb Code     0  startup_stm32f10x_hd.o(.text)
    UART4_IRQHandler                         0x0800015f   Thumb Code     0  startup_stm32f10x_hd.o(.text)
    UART5_IRQHandler                         0x0800015f   Thumb Code     0  startup_stm32f10x_hd.o(.text)
    USART2_IRQHandler                        0x0800015f   Thumb Code     0  startup_stm32f10x_hd.o(.text)
    USART3_IRQHandler                        0x0800015f   Thumb Code     0  startup_stm32f10x_hd.o(.text)
    USBWakeUp_IRQHandler                     0x0800015f   Thumb Code     0  startup_stm32f10x_hd.o(.text)
    USB_HP_CAN1_TX_IRQHandler                0x0800015f   Thumb Code     0  startup_stm32f10x_hd.o(.text)
    WWDG_IRQHandler                          0x0800015f   Thumb Code     0  startup_stm32f10x_hd.o(.text)
    __aeabi_memcpy                           0x08000169   Thumb Code    36  memcpya.o(.text)
    __aeabi_memcpy4                          0x08000169   Thumb Code     0  memcpya.o(.text)
    __aeabi_memcpy8                          0x08000169   Thumb Code     0  memcpya.o(.text)
    __aeabi_uldivmod                         0x0800018d   Thumb Code    98  uldiv.o(.text)
    __scatterload                            0x080001f1   Thumb Code    28  init.o(.text)
    __scatterload_rt2                        0x080001f1   Thumb Code     0  init.o(.text)
    __aeabi_llsl                             0x08000215   Thumb Code    30  llshl.o(.text)
    _ll_shift_l                              0x08000215   Thumb Code     0  llshl.o(.text)
    __aeabi_llsr                             0x08000233   Thumb Code    32  llushr.o(.text)
    _ll_ushift_r                             0x08000233   Thumb Code     0  llushr.o(.text)
    BusFault_Handler                         0x08000253   Thumb Code     4  stm32f10x_it.o(i.BusFault_Handler)
    CAN_Receive                              0x08000257   Thumb Code   240  stm32f10x_can.o(i.CAN_Receive)
    CRC16_Modbus                             0x08000349   Thumb Code    48  externalcomm.o(i.CRC16_Modbus)
    ClearBitMask                             0x08000381   Thumb Code    28  rc522.o(i.ClearBitMask)
    DHT11_In                                 0x0800039d   Thumb Code    24  dht11.o(i.DHT11_In)
    DHT11_InitConfig                         0x080003b9   Thumb Code    24  dht11.o(i.DHT11_InitConfig)
    DHT11_Out                                0x080003d5   Thumb Code    30  dht11.o(i.DHT11_Out)
    DebugMon_Handler                         0x080003f9   Thumb Code     2  stm32f10x_it.o(i.DebugMon_Handler)
    EXTI_Init                                0x080003fd   Thumb Code   142  stm32f10x_exti.o(i.EXTI_Init)
    GPIO_EXTILineConfig                      0x08000491   Thumb Code    60  stm32f10x_gpio.o(i.GPIO_EXTILineConfig)
    GPIO_Init                                0x080004d1   Thumb Code   278  stm32f10x_gpio.o(i.GPIO_Init)
    GPIO_PinRemapConfig                      0x080005e9   Thumb Code   138  stm32f10x_gpio.o(i.GPIO_PinRemapConfig)
    GPIO_ReadInputDataBit                    0x08000679   Thumb Code    18  stm32f10x_gpio.o(i.GPIO_ReadInputDataBit)
    GPIO_ResetBits                           0x0800068b   Thumb Code     4  stm32f10x_gpio.o(i.GPIO_ResetBits)
    GPIO_SetBits                             0x0800068f   Thumb Code     4  stm32f10x_gpio.o(i.GPIO_SetBits)
    HardFault_Handler                        0x08000709   Thumb Code     4  stm32f10x_it.o(i.HardFault_Handler)
    I2C_CheckDevice                          0x0800070d   Thumb Code    28  bsp_iic.o(i.I2C_CheckDevice)
    I2C_GPIOInitConfig                       0x08000729   Thumb Code    46  bsp_iic.o(i.I2C_GPIOInitConfig)
    I2C_RecvACK                              0x0800075d   Thumb Code    76  bsp_iic.o(i.I2C_RecvACK)
    I2C_RecvByte                             0x080007ad   Thumb Code    76  bsp_iic.o(i.I2C_RecvByte)
    I2C_SendACK                              0x080007fd   Thumb Code    66  bsp_iic.o(i.I2C_SendACK)
    I2C_SendByte                             0x08000845   Thumb Code    86  bsp_iic.o(i.I2C_SendByte)
    I2C_Start                                0x080008a1   Thumb Code    46  bsp_iic.o(i.I2C_Start)
    I2C_Stop                                 0x080008d5   Thumb Code    40  bsp_iic.o(i.I2C_Stop)
    KEY_EXTI_Config                          0x08000901   Thumb Code   108  bsp_key.o(i.KEY_EXTI_Config)
    LED_Init                                 0x08000971   Thumb Code    76  bsp_led.o(i.LED_Init)
    LED_SetStatus                            0x080009c9   Thumb Code   184  bsp_led.o(i.LED_SetStatus)
    M500PcdConfigISOType                     0x08000a89   Thumb Code    92  rc522.o(i.M500PcdConfigISOType)
    MODS_03_SlaveReply                       0x08000ae5   Thumb Code   122  externalcomm.o(i.MODS_03_SlaveReply)
    MODS_Poll                                0x08000b91   Thumb Code    74  externalcomm.o(i.MODS_Poll)
    MODS_ReceieveNew                         0x08000be5   Thumb Code    46  externalcomm.o(i.MODS_ReceieveNew)
    MODS_ReceieveNewData                     0x08000c19   Thumb Code    98  bsp_usart.o(i.MODS_ReceieveNewData)
    MODS_SendData                            0x08000c85   Thumb Code    20  bsp_usart.o(i.MODS_SendData)
    MemManage_Handler                        0x08000ce1   Thumb Code     4  stm32f10x_it.o(i.MemManage_Handler)
    Monitor_CommProcess                      0x08000d21   Thumb Code     8  externalcomm.o(i.Monitor_CommProcess)
    NMI_Handler                              0x08000d29   Thumb Code     2  stm32f10x_it.o(i.NMI_Handler)
    NVIC_Init                                0x08000d55   Thumb Code   100  misc.o(i.NVIC_Init)
    NVIC_PriorityGroupConfig                 0x08000dc5   Thumb Code    10  misc.o(i.NVIC_PriorityGroupConfig)
    NVIC_UsartConfig                         0x08000dd9   Thumb Code    40  bsp_usart.o(i.NVIC_UsartConfig)
    OLED_Fill                                0x08000e01   Thumb Code    66  oleddisplay.o(i.OLED_Fill)
    OLED_GPIO_Config                         0x08000e45   Thumb Code    64  oleddisplay.o(i.OLED_GPIO_Config)
    OLED_Init                                0x08000e8d   Thumb Code   302  oleddisplay.o(i.OLED_Init)
    OLED_Set_Pos                             0x08000fc5   Thumb Code    46  oleddisplay.o(i.OLED_Set_Pos)
    OLED_WRByte                              0x08000ff5   Thumb Code    92  oleddisplay.o(i.OLED_WRByte)
    PcdAntennaOff                            0x08001055   Thumb Code    12  rc522.o(i.PcdAntennaOff)
    PcdAntennaOn                             0x08001061   Thumb Code    26  rc522.o(i.PcdAntennaOn)
    PcdReset                                 0x0800107d   Thumb Code   110  rc522.o(i.PcdReset)
    PendSV_Handler                           0x080010f1   Thumb Code     2  stm32f10x_it.o(i.PendSV_Handler)
    RC522_Init                               0x080010f3   Thumb Code    38  rc522.o(i.RC522_Init)
    RCC_APB1PeriphClockCmd                   0x08001119   Thumb Code    26  stm32f10x_rcc.o(i.RCC_APB1PeriphClockCmd)
    RCC_APB2PeriphClockCmd                   0x08001139   Thumb Code    26  stm32f10x_rcc.o(i.RCC_APB2PeriphClockCmd)
    RCC_GetClocksFreq                        0x08001159   Thumb Code   192  stm32f10x_rcc.o(i.RCC_GetClocksFreq)
    ReadRawRC                                0x0800122d   Thumb Code    54  rc522.o(i.ReadRawRC)
    SPI2WriteByte                            0x080012b9   Thumb Code    46  bsp_spi.o(i.SPI2WriteByte)
    SPI2_Init                                0x080012ed   Thumb Code   170  bsp_spi.o(i.SPI2_Init)
    SPI_Cmd                                  0x080013a5   Thumb Code    24  stm32f10x_spi.o(i.SPI_Cmd)
    SPI_Init                                 0x080013bd   Thumb Code    60  stm32f10x_spi.o(i.SPI_Init)
    SVC_Handler                              0x080013f9   Thumb Code     2  stm32f10x_it.o(i.SVC_Handler)
    SYSTICK_InitConfig                       0x080013fd   Thumb Code    68  bsp_systick.o(i.SYSTICK_InitConfig)
    SetBitMask                               0x08001449   Thumb Code    28  rc522.o(i.SetBitMask)
    SysTick_CLKSourceConfig                  0x0800154d   Thumb Code    40  misc.o(i.SysTick_CLKSourceConfig)
    SysTick_Handler                          0x08001575   Thumb Code     2  stm32f10x_it.o(i.SysTick_Handler)
    SystemInit                               0x08001579   Thumb Code    78  system_stm32f10x.o(i.SystemInit)
    TIM2_IRQHandler                          0x08001621   Thumb Code    80  stm32f10x_it.o(i.TIM2_IRQHandler)
    TIM2_InitConfig                          0x08001681   Thumb Code    12  bsp_timer.o(i.TIM2_InitConfig)
    TIM_ClearFlag                            0x080016ab   Thumb Code     6  stm32f10x_tim.o(i.TIM_ClearFlag)
    TIM_ClearITPendingBit                    0x080016b1   Thumb Code     6  stm32f10x_tim.o(i.TIM_ClearITPendingBit)
    TIM_Cmd                                  0x080016b7   Thumb Code    24  stm32f10x_tim.o(i.TIM_Cmd)
    TIM_GetITStatus                          0x080016cf   Thumb Code    34  stm32f10x_tim.o(i.TIM_GetITStatus)
    TIM_ITConfig                             0x080016f1   Thumb Code    18  stm32f10x_tim.o(i.TIM_ITConfig)
    TIM_TimeBaseInit                         0x08001705   Thumb Code   122  stm32f10x_tim.o(i.TIM_TimeBaseInit)
    USART1_IRQHandler                        0x080017a9   Thumb Code    10  stm32f10x_it.o(i.USART1_IRQHandler)
    USART1_Init_Config                       0x080017b9   Thumb Code   148  bsp_usart.o(i.USART1_Init_Config)
    USART1_Senddata                          0x08001873   Thumb Code    36  bsp_usart.o(i.USART1_Senddata)
    USART_ClearFlag                          0x08001897   Thumb Code    18  stm32f10x_usart.o(i.USART_ClearFlag)
    USART_ClearITPendingBit                  0x080018a9   Thumb Code    30  stm32f10x_usart.o(i.USART_ClearITPendingBit)
    USART_Cmd                                0x080018c7   Thumb Code    24  stm32f10x_usart.o(i.USART_Cmd)
    USART_GetFlagStatus                      0x080018df   Thumb Code    26  stm32f10x_usart.o(i.USART_GetFlagStatus)
    USART_GetITStatus                        0x080018f9   Thumb Code    84  stm32f10x_usart.o(i.USART_GetITStatus)
    USART_ITConfig                           0x0800194d   Thumb Code    74  stm32f10x_usart.o(i.USART_ITConfig)
    USART_Init                               0x08001999   Thumb Code   210  stm32f10x_usart.o(i.USART_Init)
    USART_ReceiveData                        0x08001a71   Thumb Code    10  stm32f10x_usart.o(i.USART_ReceiveData)
    USART_SendData                           0x08001a7b   Thumb Code     8  stm32f10x_usart.o(i.USART_SendData)
    USB_LP_CAN1_RX0_IRQHandler               0x08001a85   Thumb Code   104  stm32f10x_it.o(i.USB_LP_CAN1_RX0_IRQHandler)
    UartIRQ                                  0x08001af5   Thumb Code    74  bsp_usart.o(i.UartIRQ)
    UsageFault_Handler                       0x08001b81   Thumb Code     4  stm32f10x_it.o(i.UsageFault_Handler)
    WriteRawRC                               0x08001b85   Thumb Code    46  rc522.o(i.WriteRawRC)
    __0printf$5                              0x08001bb9   Thumb Code    22  printf5.o(i.__0printf$5)
    __1printf$5                              0x08001bb9   Thumb Code     0  printf5.o(i.__0printf$5)
    __2printf                                0x08001bb9   Thumb Code     0  printf5.o(i.__0printf$5)
    __scatterload_copy                       0x08001bd9   Thumb Code    14  handlers.o(i.__scatterload_copy)
    __scatterload_null                       0x08001be7   Thumb Code     2  handlers.o(i.__scatterload_null)
    __scatterload_zeroinit                   0x08001be9   Thumb Code    14  handlers.o(i.__scatterload_zeroinit)
    bsp_init                                 0x08001eb9   Thumb Code    42  bsp.o(i.bsp_init)
    delay_ms                                 0x08001ee5   Thumb Code    56  bsp_systick.o(i.delay_ms)
    delay_us                                 0x08001f21   Thumb Code    56  bsp_systick.o(i.delay_us)
    dht11_check                              0x08001f5d   Thumb Code    78  dht11.o(i.dht11_check)
    dht11_read_bit                           0x08001fb1   Thumb Code    84  dht11.o(i.dht11_read_bit)
    dht11_read_byte                          0x08002009   Thumb Code    28  dht11.o(i.dht11_read_byte)
    dht11_read_data                          0x08002025   Thumb Code   118  dht11.o(i.dht11_read_data)
    dht11_rst                                0x080020ad   Thumb Code    40  dht11.o(i.dht11_rst)
    eeprom_CheckOk                           0x080020d9   Thumb Code    22  eeprom.o(i.eeprom_CheckOk)
    eeprom_ReadBytes                         0x080020f1   Thumb Code   172  eeprom.o(i.eeprom_ReadBytes)
    eeprom_Test                              0x080021ad   Thumb Code   152  eeprom.o(i.eeprom_Test)
    eeprom_WriteBytes                        0x080022d9   Thumb Code   128  eeprom.o(i.eeprom_WriteBytes)
    fputc                                    0x08002359   Thumb Code    32  bsp_usart.o(i.fputc)
    main                                     0x0800237d   Thumb Code   108  main.o(i.main)
    st_memcpy                                0x08002451   Thumb Code    26  st_string.o(i.st_memcpy)
    s_CRCLo                                  0x0800256a   Data         256  externalcomm.o(.constdata)
    Region$$Table$$Base                      0x0800266c   Number         0  anon$$obj.o(Region$$Table)
    Region$$Table$$Limit                     0x0800268c   Number         0  anon$$obj.o(Region$$Table)
    ret                                      0x20000018   Data           4  bsp_can.o(.data)
    TestRx                                   0x2000001c   Data           1  bsp_can.o(.data)
    tim2_1s_flag                             0x20000022   Data           1  bsp_timer.o(.data)
    modbus_recv_gap_flag                     0x20000024   Data           2  bsp_usart.o(.data)
    humi_i                                   0x20000026   Data           1  dht11.o(.data)
    humi_f                                   0x20000027   Data           1  dht11.o(.data)
    temp_i                                   0x20000028   Data           1  dht11.o(.data)
    temp_f                                   0x20000029   Data           1  dht11.o(.data)
    __stdout                                 0x2000002c   Data           4  stdout.o(.data)
    g_tUart1                                 0x20000030   Data          40  bsp_usart.o(.bss)
    g_tModS                                  0x20000256   Data         515  externalcomm.o(.bss)
    write_buf                                0x20000459   Data         256  eeprom.o(.bss)
    read_buf                                 0x20000559   Data         256  eeprom.o(.bss)
    __initial_sp                             0x20000a60   Data           0  startup_stm32f10x_hd.o(STACK)



==============================================================================

Memory Map of the image

  Image Entry point : 0x08000131

  Load Region LR_IROM1 (Base: 0x08000000, Size: 0x000026bc, Max: 0x00040000, ABSOLUTE)

    Execution Region ER_IROM1 (Base: 0x08000000, Size: 0x0000268c, Max: 0x00040000, ABSOLUTE)

    Base Addr    Size         Type   Attr      Idx    E Section Name        Object

    0x08000000   0x00000130   Data   RO            3    RESET               startup_stm32f10x_hd.o
    0x08000130   0x00000000   Code   RO         2772  * .ARM.Collect$$$$00000000  mc_w.l(entry.o)
    0x08000130   0x00000004   Code   RO         3040    .ARM.Collect$$$$00000001  mc_w.l(entry2.o)
    0x08000134   0x00000004   Code   RO         3043    .ARM.Collect$$$$00000004  mc_w.l(entry5.o)
    0x08000138   0x00000000   Code   RO         3045    .ARM.Collect$$$$00000008  mc_w.l(entry7b.o)
    0x08000138   0x00000000   Code   RO         3047    .ARM.Collect$$$$0000000A  mc_w.l(entry8b.o)
    0x08000138   0x00000008   Code   RO         3048    .ARM.Collect$$$$0000000B  mc_w.l(entry9a.o)
    0x08000140   0x00000000   Code   RO         3050    .ARM.Collect$$$$0000000D  mc_w.l(entry10a.o)
    0x08000140   0x00000000   Code   RO         3052    .ARM.Collect$$$$0000000F  mc_w.l(entry11a.o)
    0x08000140   0x00000004   Code   RO         3041    .ARM.Collect$$$$00002712  mc_w.l(entry2.o)
    0x08000144   0x00000024   Code   RO            4    .text               startup_stm32f10x_hd.o
    0x08000168   0x00000024   Code   RO         2775    .text               mc_w.l(memcpya.o)
    0x0800018c   0x00000062   Code   RO         3057    .text               mc_w.l(uldiv.o)
    0x080001ee   0x00000002   PAD
    0x080001f0   0x00000024   Code   RO         3070    .text               mc_w.l(init.o)
    0x08000214   0x0000001e   Code   RO         3072    .text               mc_w.l(llshl.o)
    0x08000232   0x00000020   Code   RO         3074    .text               mc_w.l(llushr.o)
    0x08000252   0x00000004   Code   RO         1815    i.BusFault_Handler  stm32f10x_it.o
    0x08000256   0x000000f0   Code   RO          373    i.CAN_Receive       stm32f10x_can.o
    0x08000346   0x00000002   PAD
    0x08000348   0x00000038   Code   RO         2610    i.CRC16_Modbus      externalcomm.o
    0x08000380   0x0000001c   Code   RO         2446    i.ClearBitMask      rc522.o
    0x0800039c   0x0000001c   Code   RO         2315    i.DHT11_In          dht11.o
    0x080003b8   0x0000001c   Code   RO         2316    i.DHT11_InitConfig  dht11.o
    0x080003d4   0x00000024   Code   RO         2317    i.DHT11_Out         dht11.o
    0x080003f8   0x00000002   Code   RO         1816    i.DebugMon_Handler  stm32f10x_it.o
    0x080003fa   0x00000002   PAD
    0x080003fc   0x00000094   Code   RO         1704    i.EXTI_Init         stm32f10x_exti.o
    0x08000490   0x00000040   Code   RO         1387    i.GPIO_EXTILineConfig  stm32f10x_gpio.o
    0x080004d0   0x00000116   Code   RO         1390    i.GPIO_Init         stm32f10x_gpio.o
    0x080005e6   0x00000002   PAD
    0x080005e8   0x00000090   Code   RO         1392    i.GPIO_PinRemapConfig  stm32f10x_gpio.o
    0x08000678   0x00000012   Code   RO         1394    i.GPIO_ReadInputDataBit  stm32f10x_gpio.o
    0x0800068a   0x00000004   Code   RO         1397    i.GPIO_ResetBits    stm32f10x_gpio.o
    0x0800068e   0x00000004   Code   RO         1398    i.GPIO_SetBits      stm32f10x_gpio.o
    0x08000692   0x00000002   PAD
    0x08000694   0x00000074   Code   RO         2611    i.Get_Parameter     externalcomm.o
    0x08000708   0x00000004   Code   RO         1817    i.HardFault_Handler  stm32f10x_it.o
    0x0800070c   0x0000001c   Code   RO         2168    i.I2C_CheckDevice   bsp_iic.o
    0x08000728   0x00000034   Code   RO         2169    i.I2C_GPIOInitConfig  bsp_iic.o
    0x0800075c   0x00000050   Code   RO         2170    i.I2C_RecvACK       bsp_iic.o
    0x080007ac   0x00000050   Code   RO         2171    i.I2C_RecvByte      bsp_iic.o
    0x080007fc   0x00000048   Code   RO         2172    i.I2C_SendACK       bsp_iic.o
    0x08000844   0x0000005c   Code   RO         2173    i.I2C_SendByte      bsp_iic.o
    0x080008a0   0x00000034   Code   RO         2174    i.I2C_Start         bsp_iic.o
    0x080008d4   0x0000002c   Code   RO         2175    i.I2C_Stop          bsp_iic.o
    0x08000900   0x00000070   Code   RO         1976    i.KEY_EXTI_Config   bsp_key.o
    0x08000970   0x00000058   Code   RO         1993    i.LED_Init          bsp_led.o
    0x080009c8   0x000000c0   Code   RO         1994    i.LED_SetStatus     bsp_led.o
    0x08000a88   0x0000005c   Code   RO         2447    i.M500PcdConfigISOType  rc522.o
    0x08000ae4   0x00000084   Code   RO         2612    i.MODS_03_SlaveReply  externalcomm.o
    0x08000b68   0x00000028   Code   RO         2613    i.MODS_DataClear    externalcomm.o
    0x08000b90   0x00000054   Code   RO         2614    i.MODS_Poll         externalcomm.o
    0x08000be4   0x00000034   Code   RO         2615    i.MODS_ReceieveNew  externalcomm.o
    0x08000c18   0x0000006c   Code   RO         2235    i.MODS_ReceieveNewData  bsp_usart.o
    0x08000c84   0x00000014   Code   RO         2236    i.MODS_SendData     bsp_usart.o
    0x08000c98   0x00000048   Code   RO         2618    i.MODS_SendWithCRC  externalcomm.o
    0x08000ce0   0x00000004   Code   RO         1819    i.MemManage_Handler  stm32f10x_it.o
    0x08000ce4   0x0000003c   Code   RO         2619    i.Monitor_AnalyzeApp  externalcomm.o
    0x08000d20   0x00000008   Code   RO         2620    i.Monitor_CommProcess  externalcomm.o
    0x08000d28   0x00000002   Code   RO         1820    i.NMI_Handler       stm32f10x_it.o
    0x08000d2a   0x00000028   Code   RO         1977    i.NVIC_Configuration  bsp_key.o
    0x08000d52   0x00000002   PAD
    0x08000d54   0x00000070   Code   RO           92    i.NVIC_Init         misc.o
    0x08000dc4   0x00000014   Code   RO           93    i.NVIC_PriorityGroupConfig  misc.o
    0x08000dd8   0x00000028   Code   RO         2237    i.NVIC_UsartConfig  bsp_usart.o
    0x08000e00   0x00000042   Code   RO         2378    i.OLED_Fill         oleddisplay.o
    0x08000e42   0x00000002   PAD
    0x08000e44   0x00000048   Code   RO         2379    i.OLED_GPIO_Config  oleddisplay.o
    0x08000e8c   0x00000138   Code   RO         2380    i.OLED_Init         oleddisplay.o
    0x08000fc4   0x0000002e   Code   RO         2381    i.OLED_Set_Pos      oleddisplay.o
    0x08000ff2   0x00000002   PAD
    0x08000ff4   0x00000060   Code   RO         2384    i.OLED_WRByte       oleddisplay.o
    0x08001054   0x0000000c   Code   RO         2448    i.PcdAntennaOff     rc522.o
    0x08001060   0x0000001a   Code   RO         2449    i.PcdAntennaOn      rc522.o
    0x0800107a   0x00000002   PAD
    0x0800107c   0x00000074   Code   RO         2457    i.PcdReset          rc522.o
    0x080010f0   0x00000002   Code   RO         1821    i.PendSV_Handler    stm32f10x_it.o
    0x080010f2   0x00000026   Code   RO         2461    i.RC522_Init        rc522.o
    0x08001118   0x00000020   Code   RO         1500    i.RCC_APB1PeriphClockCmd  stm32f10x_rcc.o
    0x08001138   0x00000020   Code   RO         1502    i.RCC_APB2PeriphClockCmd  stm32f10x_rcc.o
    0x08001158   0x000000d4   Code   RO         1510    i.RCC_GetClocksFreq  stm32f10x_rcc.o
    0x0800122c   0x0000003c   Code   RO         2463    i.ReadRawRC         rc522.o
    0x08001268   0x00000024   Code   RO         2176    i.SDA_IN            bsp_iic.o
    0x0800128c   0x0000002c   Code   RO         2177    i.SDA_OUT           bsp_iic.o
    0x080012b8   0x00000034   Code   RO         2016    i.SPI2WriteByte     bsp_spi.o
    0x080012ec   0x000000b8   Code   RO         2017    i.SPI2_Init         bsp_spi.o
    0x080013a4   0x00000018   Code   RO         1245    i.SPI_Cmd           stm32f10x_spi.o
    0x080013bc   0x0000003c   Code   RO         1258    i.SPI_Init          stm32f10x_spi.o
    0x080013f8   0x00000002   Code   RO         1822    i.SVC_Handler       stm32f10x_it.o
    0x080013fa   0x00000002   PAD
    0x080013fc   0x0000004c   Code   RO         2048    i.SYSTICK_InitConfig  bsp_systick.o
    0x08001448   0x0000001c   Code   RO         2464    i.SetBitMask        rc522.o
    0x08001464   0x00000008   Code   RO           24    i.SetSysClock       system_stm32f10x.o
    0x0800146c   0x000000e0   Code   RO           25    i.SetSysClockTo72   system_stm32f10x.o
    0x0800154c   0x00000028   Code   RO           96    i.SysTick_CLKSourceConfig  misc.o
    0x08001574   0x00000002   Code   RO         1823    i.SysTick_Handler   stm32f10x_it.o
    0x08001576   0x00000002   PAD
    0x08001578   0x00000060   Code   RO           27    i.SystemInit        system_stm32f10x.o
    0x080015d8   0x00000048   Code   RO         2077    i.TIM2_Config       bsp_timer.o
    0x08001620   0x00000060   Code   RO         1824    i.TIM2_IRQHandler   stm32f10x_it.o
    0x08001680   0x0000000c   Code   RO         2078    i.TIM2_InitConfig   bsp_timer.o
    0x0800168c   0x0000001e   Code   RO         2079    i.TIM2_NVIC_InitConfig  bsp_timer.o
    0x080016aa   0x00000006   Code   RO          702    i.TIM_ClearFlag     stm32f10x_tim.o
    0x080016b0   0x00000006   Code   RO          703    i.TIM_ClearITPendingBit  stm32f10x_tim.o
    0x080016b6   0x00000018   Code   RO          708    i.TIM_Cmd           stm32f10x_tim.o
    0x080016ce   0x00000022   Code   RO          729    i.TIM_GetITStatus   stm32f10x_tim.o
    0x080016f0   0x00000012   Code   RO          733    i.TIM_ITConfig      stm32f10x_tim.o
    0x08001702   0x00000002   PAD
    0x08001704   0x000000a4   Code   RO          779    i.TIM_TimeBaseInit  stm32f10x_tim.o
    0x080017a8   0x00000010   Code   RO         1825    i.USART1_IRQHandler  stm32f10x_it.o
    0x080017b8   0x0000009c   Code   RO         2238    i.USART1_Init_Config  bsp_usart.o
    0x08001854   0x0000001e   Code   RO         2239    i.USART1_Putchar    bsp_usart.o
    0x08001872   0x00000024   Code   RO         2240    i.USART1_Senddata   bsp_usart.o
    0x08001896   0x00000012   Code   RO          512    i.USART_ClearFlag   stm32f10x_usart.o
    0x080018a8   0x0000001e   Code   RO          513    i.USART_ClearITPendingBit  stm32f10x_usart.o
    0x080018c6   0x00000018   Code   RO          516    i.USART_Cmd         stm32f10x_usart.o
    0x080018de   0x0000001a   Code   RO          519    i.USART_GetFlagStatus  stm32f10x_usart.o
    0x080018f8   0x00000054   Code   RO          520    i.USART_GetITStatus  stm32f10x_usart.o
    0x0800194c   0x0000004a   Code   RO          522    i.USART_ITConfig    stm32f10x_usart.o
    0x08001996   0x00000002   PAD
    0x08001998   0x000000d8   Code   RO          523    i.USART_Init        stm32f10x_usart.o
    0x08001a70   0x0000000a   Code   RO          530    i.USART_ReceiveData  stm32f10x_usart.o
    0x08001a7a   0x00000008   Code   RO          533    i.USART_SendData    stm32f10x_usart.o
    0x08001a82   0x00000002   PAD
    0x08001a84   0x00000070   Code   RO         1826    i.USB_LP_CAN1_RX0_IRQHandler  stm32f10x_it.o
    0x08001af4   0x00000050   Code   RO         2241    i.UartIRQ           bsp_usart.o
    0x08001b44   0x0000003c   Code   RO         2242    i.UartVarInit       bsp_usart.o
    0x08001b80   0x00000004   Code   RO         1827    i.UsageFault_Handler  stm32f10x_it.o
    0x08001b84   0x00000034   Code   RO         2465    i.WriteRawRC        rc522.o
    0x08001bb8   0x00000020   Code   RO         2912    i.__0printf$5       mc_w.l(printf5.o)
    0x08001bd8   0x0000000e   Code   RO         3082    i.__scatterload_copy  mc_w.l(handlers.o)
    0x08001be6   0x00000002   Code   RO         3083    i.__scatterload_null  mc_w.l(handlers.o)
    0x08001be8   0x0000000e   Code   RO         3084    i.__scatterload_zeroinit  mc_w.l(handlers.o)
    0x08001bf6   0x00000002   PAD
    0x08001bf8   0x000002c0   Code   RO         2919    i._printf_core      mc_w.l(printf5.o)
    0x08001eb8   0x0000002a   Code   RO         1918    i.bsp_init          bsp.o
    0x08001ee2   0x00000002   PAD
    0x08001ee4   0x0000003c   Code   RO         2049    i.delay_ms          bsp_systick.o
    0x08001f20   0x0000003c   Code   RO         2050    i.delay_us          bsp_systick.o
    0x08001f5c   0x00000054   Code   RO         2318    i.dht11_check       dht11.o
    0x08001fb0   0x00000058   Code   RO         2319    i.dht11_read_bit    dht11.o
    0x08002008   0x0000001c   Code   RO         2320    i.dht11_read_byte   dht11.o
    0x08002024   0x00000088   Code   RO         2321    i.dht11_read_data   dht11.o
    0x080020ac   0x0000002c   Code   RO         2322    i.dht11_rst         dht11.o
    0x080020d8   0x00000016   Code   RO         2690    i.eeprom_CheckOk    eeprom.o
    0x080020ee   0x00000002   PAD
    0x080020f0   0x000000bc   Code   RO         2692    i.eeprom_ReadBytes  eeprom.o
    0x080021ac   0x0000012c   Code   RO         2693    i.eeprom_Test       eeprom.o
    0x080022d8   0x00000080   Code   RO         2694    i.eeprom_WriteBytes  eeprom.o
    0x08002358   0x00000024   Code   RO         2244    i.fputc             bsp_usart.o
    0x0800237c   0x000000d4   Code   RO         1752    i.main              main.o
    0x08002450   0x0000001a   Code   RO         2106    i.st_memcpy         st_string.o
    0x0800246a   0x00000200   Data   RO         2622    .constdata          externalcomm.o
    0x0800266a   0x00000002   PAD
    0x0800266c   0x00000020   Data   RO         3080    Region$$Table       anon$$obj.o


    Execution Region RW_IRAM1 (Base: 0x20000000, Size: 0x00000a60, Max: 0x0000c000, ABSOLUTE)

    Base Addr    Size         Type   Attr      Idx    E Section Name        Object

    0x20000000   0x00000014   Data   RW         1530    .data               stm32f10x_rcc.o
    0x20000014   0x00000004   Data   RW         1828    .data               stm32f10x_it.o
    0x20000018   0x00000005   Data   RW         1936    .data               bsp_can.o
    0x2000001d   0x00000001   PAD
    0x2000001e   0x00000004   Data   RW         2051    .data               bsp_systick.o
    0x20000022   0x00000001   Data   RW         2080    .data               bsp_timer.o
    0x20000023   0x00000001   PAD
    0x20000024   0x00000002   Data   RW         2246    .data               bsp_usart.o
    0x20000026   0x00000004   Data   RW         2323    .data               dht11.o
    0x2000002a   0x00000002   PAD
    0x2000002c   0x00000004   Data   RW         3054    .data               mc_w.l(stdout.o)
    0x20000030   0x00000226   Zero   RW         2245    .bss                bsp_usart.o
    0x20000256   0x00000203   Zero   RW         2621    .bss                externalcomm.o
    0x20000459   0x00000200   Zero   RW         2695    .bss                eeprom.o
    0x20000659   0x00000007   PAD
    0x20000660   0x00000400   Zero   RW            1    STACK               startup_stm32f10x_hd.o


==============================================================================

Image component sizes


      Code (inc. data)   RO Data    RW Data    ZI Data      Debug   Object Name

        42          0          0          0          0        483   bsp.o
         0          0          0          5          0        741   bsp_can.o
       580         46          0          0          0       5396   bsp_iic.o
       152          4          0          0          0       1086   bsp_key.o
       280         20          0          0          0       1983   bsp_led.o
       236         20          0          0          0       1192   bsp_spi.o
       196         16          0          4          0       1871   bsp_systick.o
       114          0          0          1          0       1725   bsp_timer.o
       566         48          0          2        550       7283   bsp_usart.o
         0          0          0          0          0       4532   core_cm3.o
       472         46          0          4          0       5267   dht11.o
       638        164          0          0        512       3647   eeprom.o
       620         78        512          0        515       6675   externalcomm.o
       212        104          0          0          0       1751   main.o
       172         22          0          0          0       2081   misc.o
       592         22          0          0          0       2996   oleddisplay.o
       452         18          0          0          0       5059   rc522.o
        26          0          0          0          0        668   st_string.o
        36          8        304          0       1024        872   startup_stm32f10x_hd.o
       240          0          0          0          0       1586   stm32f10x_can.o
       148          6          0          0          0        992   stm32f10x_exti.o
       512         10          0          0          0       5168   stm32f10x_gpio.o
       250         30          0          4          0       5549   stm32f10x_it.o
       276         32          0         20          0       4470   stm32f10x_rcc.o
        84          0          0          0          0       2153   stm32f10x_spi.o
       252         42          0          0          0       4134   stm32f10x_tim.o
       490          6          0          0          0       7441   stm32f10x_usart.o
       328         28          0          0          0     267845   system_stm32f10x.o

    ----------------------------------------------------------------------
      7996        770        850         44       2608     354646   Object Totals
         0          0         32          0          0          0   (incl. Generated)
        30          0          2          4          7          0   (incl. Padding)

    ----------------------------------------------------------------------

      Code (inc. data)   RO Data    RW Data    ZI Data      Debug   Library Member Name

         0          0          0          0          0          0   entry.o
         0          0          0          0          0          0   entry10a.o
         0          0          0          0          0          0   entry11a.o
         8          4          0          0          0          0   entry2.o
         4          0          0          0          0          0   entry5.o
         0          0          0          0          0          0   entry7b.o
         0          0          0          0          0          0   entry8b.o
         8          4          0          0          0          0   entry9a.o
        30          0          0          0          0          0   handlers.o
        36          8          0          0          0         68   init.o
        30          0          0          0          0         68   llshl.o
        32          0          0          0          0         68   llushr.o
        36          0          0          0          0         68   memcpya.o
       736         56          0          0          0        184   printf5.o
         0          0          0          4          0          0   stdout.o
        98          0          0          0          0         92   uldiv.o

    ----------------------------------------------------------------------
      1022         72          0          4          0        548   Library Totals
         4          0          0          0          0          0   (incl. Padding)

    ----------------------------------------------------------------------

      Code (inc. data)   RO Data    RW Data    ZI Data      Debug   Library Name

      1018         72          0          4          0        548   mc_w.l

    ----------------------------------------------------------------------
      1022         72          0          4          0        548   Library Totals

    ----------------------------------------------------------------------

==============================================================================


      Code (inc. data)   RO Data    RW Data    ZI Data      Debug   

      9018        842        850         48       2608     349314   Grand Totals
      9018        842        850         48       2608     349314   ELF Image Totals
      9018        842        850         48          0          0   ROM Totals

==============================================================================

    Total RO  Size (Code + RO Data)                 9868 (   9.64kB)
    Total RW  Size (RW Data + ZI Data)              2656 (   2.59kB)
    Total ROM Size (Code + RO Data + RW Data)       9916 (   9.68kB)

==============================================================================

